SDCard.c:25:9:SPI_FLASH_ReadByte	24	static
SDCard.c:36:6:SPI_I2S_SendData	0	static
SDCard.c:44:5:SPI_I2S_ReceiveData	0	static
SDCard.c:59:9:SPI_FLASH_SendByte	16	static
SDCard.c:87:4:SD_WaitReady	8	static
SDCard.c:111:4:SD_SendCommand	16	static
SDCard.c:153:4:SD_SendCommand_NoDeassert	16	static
SDCard.c:180:6:SPI_SetSpeed	8	static
SDCard.c:238:4:SD_Init	16	static
SDCard.c:443:4:SD_ReceiveData	24	static
SDCard.c:489:4:SD_GetCID	16	static
SDCard.c:512:4:SD_GetCSD	16	static
SDCard.c:533:5:SD_GetCapacity	24	static
SDCard.c:613:4:SD_ReadSingleBlock	16	static
SDCard.c:647:4:SD_WriteSingleBlock	16	static
SDCard.c:717:4:SD_ReadMultiBlock	16	static
SDCard.c:767:4:SD_WriteMultiBlock	24	static
