Archive member included to satisfy reference by file (symbol)

d:/st/stm32cubeide_1.4.0/stm32cubeide/plugins/com.st.stm32cube.ide.mcu.externaltools.gnu-tools-for-stm32.7-2018-q2-update.win32_1.5.0.202011040924/tools/bin/../lib/gcc/arm-none-eabi/7.3.1/../../../../arm-none-eabi/lib/thumb/v7-m\libm.a(lib_a-wf_asin.o)
                              Src/Device/AzimuthSensor/azimuth_sensor.o (asinf)
d:/st/stm32cubeide_1.4.0/stm32cubeide/plugins/com.st.stm32cube.ide.mcu.externaltools.gnu-tools-for-stm32.7-2018-q2-update.win32_1.5.0.202011040924/tools/bin/../lib/gcc/arm-none-eabi/7.3.1/../../../../arm-none-eabi/lib/thumb/v7-m\libm.a(lib_a-ef_asin.o)
                              d:/st/stm32cubeide_1.4.0/stm32cubeide/plugins/com.st.stm32cube.ide.mcu.externaltools.gnu-tools-for-stm32.7-2018-q2-update.win32_1.5.0.202011040924/tools/bin/../lib/gcc/arm-none-eabi/7.3.1/../../../../arm-none-eabi/lib/thumb/v7-m\libm.a(lib_a-wf_asin.o) (__ieee754_asinf)
d:/st/stm32cubeide_1.4.0/stm32cubeide/plugins/com.st.stm32cube.ide.mcu.externaltools.gnu-tools-for-stm32.7-2018-q2-update.win32_1.5.0.202011040924/tools/bin/../lib/gcc/arm-none-eabi/7.3.1/../../../../arm-none-eabi/lib/thumb/v7-m\libm.a(lib_a-ef_sqrt.o)
                              d:/st/stm32cubeide_1.4.0/stm32cubeide/plugins/com.st.stm32cube.ide.mcu.externaltools.gnu-tools-for-stm32.7-2018-q2-update.win32_1.5.0.202011040924/tools/bin/../lib/gcc/arm-none-eabi/7.3.1/../../../../arm-none-eabi/lib/thumb/v7-m\libm.a(lib_a-ef_asin.o) (__ieee754_sqrtf)
d:/st/stm32cubeide_1.4.0/stm32cubeide/plugins/com.st.stm32cube.ide.mcu.externaltools.gnu-tools-for-stm32.7-2018-q2-update.win32_1.5.0.202011040924/tools/bin/../lib/gcc/arm-none-eabi/7.3.1/../../../../arm-none-eabi/lib/thumb/v7-m\libm.a(lib_a-s_lib_ver.o)
                              d:/st/stm32cubeide_1.4.0/stm32cubeide/plugins/com.st.stm32cube.ide.mcu.externaltools.gnu-tools-for-stm32.7-2018-q2-update.win32_1.5.0.202011040924/tools/bin/../lib/gcc/arm-none-eabi/7.3.1/../../../../arm-none-eabi/lib/thumb/v7-m\libm.a(lib_a-wf_asin.o) (__fdlib_version)
d:/st/stm32cubeide_1.4.0/stm32cubeide/plugins/com.st.stm32cube.ide.mcu.externaltools.gnu-tools-for-stm32.7-2018-q2-update.win32_1.5.0.202011040924/tools/bin/../lib/gcc/arm-none-eabi/7.3.1/../../../../arm-none-eabi/lib/thumb/v7-m\libm.a(lib_a-s_matherr.o)
                              d:/st/stm32cubeide_1.4.0/stm32cubeide/plugins/com.st.stm32cube.ide.mcu.externaltools.gnu-tools-for-stm32.7-2018-q2-update.win32_1.5.0.202011040924/tools/bin/../lib/gcc/arm-none-eabi/7.3.1/../../../../arm-none-eabi/lib/thumb/v7-m\libm.a(lib_a-wf_asin.o) (matherr)
d:/st/stm32cubeide_1.4.0/stm32cubeide/plugins/com.st.stm32cube.ide.mcu.externaltools.gnu-tools-for-stm32.7-2018-q2-update.win32_1.5.0.202011040924/tools/bin/../lib/gcc/arm-none-eabi/7.3.1/../../../../arm-none-eabi/lib/thumb/v7-m\libm.a(lib_a-s_nan.o)
                              d:/st/stm32cubeide_1.4.0/stm32cubeide/plugins/com.st.stm32cube.ide.mcu.externaltools.gnu-tools-for-stm32.7-2018-q2-update.win32_1.5.0.202011040924/tools/bin/../lib/gcc/arm-none-eabi/7.3.1/../../../../arm-none-eabi/lib/thumb/v7-m\libm.a(lib_a-wf_asin.o) (nan)
d:/st/stm32cubeide_1.4.0/stm32cubeide/plugins/com.st.stm32cube.ide.mcu.externaltools.gnu-tools-for-stm32.7-2018-q2-update.win32_1.5.0.202011040924/tools/bin/../lib/gcc/arm-none-eabi/7.3.1/../../../../arm-none-eabi/lib/thumb/v7-m\libm.a(lib_a-sf_fabs.o)
                              d:/st/stm32cubeide_1.4.0/stm32cubeide/plugins/com.st.stm32cube.ide.mcu.externaltools.gnu-tools-for-stm32.7-2018-q2-update.win32_1.5.0.202011040924/tools/bin/../lib/gcc/arm-none-eabi/7.3.1/../../../../arm-none-eabi/lib/thumb/v7-m\libm.a(lib_a-wf_asin.o) (fabsf)
d:/st/stm32cubeide_1.4.0/stm32cubeide/plugins/com.st.stm32cube.ide.mcu.externaltools.gnu-tools-for-stm32.7-2018-q2-update.win32_1.5.0.202011040924/tools/bin/../lib/gcc/arm-none-eabi/7.3.1/../../../../arm-none-eabi/lib/thumb/v7-m\libc_nano.a(lib_a-errno.o)
                              Core/Src/syscalls.o (__errno)
d:/st/stm32cubeide_1.4.0/stm32cubeide/plugins/com.st.stm32cube.ide.mcu.externaltools.gnu-tools-for-stm32.7-2018-q2-update.win32_1.5.0.202011040924/tools/bin/../lib/gcc/arm-none-eabi/7.3.1/../../../../arm-none-eabi/lib/thumb/v7-m\libc_nano.a(lib_a-exit.o)
                              d:/st/stm32cubeide_1.4.0/stm32cubeide/plugins/com.st.stm32cube.ide.mcu.externaltools.gnu-tools-for-stm32.7-2018-q2-update.win32_1.5.0.202011040924/tools/bin/../lib/gcc/arm-none-eabi/7.3.1/../../../../arm-none-eabi/lib/thumb/v7-m/crt0.o (exit)
d:/st/stm32cubeide_1.4.0/stm32cubeide/plugins/com.st.stm32cube.ide.mcu.externaltools.gnu-tools-for-stm32.7-2018-q2-update.win32_1.5.0.202011040924/tools/bin/../lib/gcc/arm-none-eabi/7.3.1/../../../../arm-none-eabi/lib/thumb/v7-m\libc_nano.a(lib_a-impure.o)
[...]
Memory Configuration

Name             Origin             Length             Attributes
RAM              0x0000000020000000 0x0000000000005000 xrw
FLASH            0x0000000008000000 0x0000000000010000 xr
*default*        0x0000000000000000 0xffffffffffffffff

Linker script and memory map

LOAD d:/st/stm32cubeide_1.4.0/stm32cubeide/plugins/com.st.stm32cube.ide.mcu.externaltools.gnu-tools-for-stm32.7-2018-q2-update.win32_1.5.0.202011040924/tools/bin/../lib/gcc/arm-none-eabi/7.3.1/thumb/v7-m/crti.o
LOAD d:/st/stm32cubeide_1.4.0/stm32cubeide/plugins/com.st.stm32cube.ide.mcu.externaltools.gnu-tools-for-stm32.7-2018-q2-update.win32_1.5.0.202011040924/tools/bin/../lib/gcc/arm-none-eabi/7.3.1/thumb/v7-m/crtbegin.o
LOAD d:/st/stm32cubeide_1.4.0/stm32cubeide/plugins/com.st.stm32cube.ide.mcu.externaltools.gnu-tools-for-stm32.7-2018-q2-update.win32_1.5.0.202011040924/tools/bin/../lib/gcc/arm-none-eabi/7.3.1/../../../../arm-none-eabi/lib/thumb/v7-m/crt0.o
LOAD Core/Src/gpio.o
LOAD Core/Src/main.o
LOAD Core/Src/spi.o
LOAD Core/Src/stm32f1xx_hal_msp.o
LOAD Core/Src/stm32f1xx_hal_timebase_tim.o
LOAD Core/Src/stm32f1xx_it.o
LOAD Core/Src/syscalls.o
LOAD Core/Src/sysmem.o
LOAD Core/Src/system_stm32f1xx.o
LOAD Core/Src/tim.o
LOAD Core/Src/usart.o
LOAD Core/Startup/startup_stm32f103c8tx.o
LOAD Drivers/STM32F1xx_HAL_Driver/Src/stm32f1xx_hal.o
LOAD Drivers/STM32F1xx_HAL_Driver/Src/stm32f1xx_hal_cortex.o
LOAD Drivers/STM32F1xx_HAL_Driver/Src/stm32f1xx_hal_dma.o
LOAD Drivers/STM32F1xx_HAL_Driver/Src/stm32f1xx_hal_exti.o
LOAD Drivers/STM32F1xx_HAL_Driver/Src/stm32f1xx_hal_flash.o
LOAD Drivers/STM32F1xx_HAL_Driver/Src/stm32f1xx_hal_flash_ex.o
LOAD Drivers/STM32F1xx_HAL_Driver/Src/stm32f1xx_hal_gpio.o
LOAD Drivers/STM32F1xx_HAL_Driver/Src/stm32f1xx_hal_gpio_ex.o
LOAD Drivers/STM32F1xx_HAL_Driver/Src/stm32f1xx_hal_pwr.o
LOAD Drivers/STM32F1xx_HAL_Driver/Src/stm32f1xx_hal_rcc.o
LOAD Drivers/STM32F1xx_HAL_Driver/Src/stm32f1xx_hal_rcc_ex.o
LOAD Drivers/STM32F1xx_HAL_Driver/Src/stm32f1xx_hal_spi.o
LOAD Drivers/STM32F1xx_HAL_Driver/Src/stm32f1xx_hal_tim.o
LOAD Drivers/STM32F1xx_HAL_Driver/Src/stm32f1xx_hal_tim_ex.o
LOAD Drivers/STM32F1xx_HAL_Driver/Src/stm32f1xx_hal_uart.o
LOAD FATFS/App/fatfs.o
LOAD FATFS/Target/user_diskio.o
LOAD Middlewares/Third_Party/FatFs/src/diskio.o
LOAD Middlewares/Third_Party/FatFs/src/ff.o
LOAD Middlewares/Third_Party/FatFs/src/ff_gen_drv.o
LOAD Middlewares/Third_Party/FatFs/src/option/syscall.o
LOAD Src/Device/AzimuthSensor/azimuth_sensor.o
LOAD Src/Device/LaserScanning/laser_scanner.o
LOAD Src/Device/Measure/measure.o
LOAD Src/Device/Motor/motor.o
LOAD Src/Device/Open_Tel_Mavlink/open_tel_mavlink.o
LOAD Src/Device/SDCard/sd_card.o
LOAD Src/Storage/storage.o
LOAD Src/System/Mavlink_Usart_Fifo/mavlink_usart_fifo.o
START GROUP
LOAD d:/st/stm32cubeide_1.4.0/stm32cubeide/plugins/com.st.stm32cube.ide.mcu.externaltools.gnu-tools-for-stm32.7-2018-q2-update.win32_1.5.0.202011040924/tools/bin/../lib/gcc/arm-none-eabi/7.3.1/../../../../arm-none-eabi/lib/thumb/v7-m\libstdc++_nano.a
LOAD d:/st/stm32cubeide_1.4.0/stm32cubeide/plugins/com.st.stm32cube.ide.mcu.externaltools.gnu-tools-for-stm32.7-2018-q2-update.win32_1.5.0.202011040924/tools/bin/../lib/gcc/arm-none-eabi/7.3.1/../../../../arm-none-eabi/lib/thumb/v7-m\libsupc++_nano.a
END GROUP
LOAD d:/st/stm32cubeide_1.4.0/stm32cubeide/plugins/com.st.stm32cube.ide.mcu.externaltools.gnu-tools-for-stm32.7-2018-q2-update.win32_1.5.0.202011040924/tools/bin/../lib/gcc/arm-none-eabi/7.3.1/../../../../arm-none-eabi/lib/thumb/v7-m\libstdc++_nano.a
LOAD d:/st/stm32cubeide_1.4.0/stm32cubeide/plugins/com.st.stm32cube.ide.mcu.externaltools.gnu-tools-for-stm32.7-2018-q2-update.win32_1.5.0.202011040924/tools/bin/../lib/gcc/arm-none-eabi/7.3.1/../../../../arm-none-eabi/lib/thumb/v7-m\libm.a
LOAD d:/st/stm32cubeide_1.4.0/stm32cubeide/plugins/com.st.stm32cube.ide.mcu.externaltools.gnu-tools-for-stm32.7-2018-q2-update.win32_1.5.0.202011040924/tools/bin/../lib/gcc/arm-none-eabi/7.3.1/../../../../arm-none-eabi/lib/thumb/v7-m\libc_nano.a
START GROUP
LOAD d:/st/stm32cubeide_1.4.0/stm32cubeide/plugins/com.st.stm32cube.ide.mcu.externaltools.gnu-tools-for-stm32.7-2018-q2-update.win32_1.5.0.202011040924/tools/bin/../lib/gcc/arm-none-eabi/7.3.1/thumb/v7-m\libgcc.a
LOAD d:/st/stm32cubeide_1.4.0/stm32cubeide/plugins/com.st.stm32cube.ide.mcu.externaltools.gnu-tools-for-stm32.7-2018-q2-update.win32_1.5.0.202011040924/tools/bin/../lib/gcc/arm-none-eabi/7.3.1/../../../../arm-none-eabi/lib/thumb/v7-m\libc_nano.a
END GROUP
START GROUP
LOAD d:/st/stm32cubeide_1.4.0/stm32cubeide/plugins/com.st.stm32cube.ide.mcu.externaltools.gnu-tools-for-stm32.7-2018-q2-update.win32_1.5.0.202011040924/tools/bin/../lib/gcc/arm-none-eabi/7.3.1/thumb/v7-m\libgcc.a
LOAD d:/st/stm32cubeide_1.4.0/stm32cubeide/plugins/com.st.stm32cube.ide.mcu.externaltools.gnu-tools-for-stm32.7-2018-q2-update.win32_1.5.0.202011040924/tools/bin/../lib/gcc/arm-none-eabi/7.3.1/../../../../arm-none-eabi/lib/thumb/v7-m\libc_nano.a
END GROUP
LOAD d:/st/stm32cubeide_1.4.0/stm32cubeide/plugins/com.st.stm32cube.ide.mcu.externaltools.gnu-tools-for-stm32.7-2018-q2-update.win32_1.5.0.202011040924/tools/bin/../lib/gcc/arm-none-eabi/7.3.1/thumb/v7-m/crtend.o
LOAD d:/st/stm32cubeide_1.4.0/stm32cubeide/plugins/com.st.stm32cube.ide.mcu.externaltools.gnu-tools-for-stm32.7-2018-q2-update.win32_1.5.0.202011040924/tools/bin/../lib/gcc/arm-none-eabi/7.3.1/thumb/v7-m/crtn.o
                0x0000000020005001                _estack = ((ORIGIN (RAM) + LENGTH (RAM)) + 0x1)
                0x0000000000000200                _Min_Heap_Size = 0x200
                0x0000000000001400                _Min_Stack_Size = 0x1400

.isr_vector     0x0000000008000000      0x10c
                0x0000000008000000                . = ALIGN (0x4)
 *(.isr_vector)
 .isr_vector    0x0000000008000000      0x10c Core/Startup/startup_stm32f103c8tx.o
                0x0000000008000000                g_pfnVectors
                0x000000000800010c                . = ALIGN (0x4)

.text           0x0000000008000110     0x8228
                0x0000000008000110                . = ALIGN (0x4)
 *(.text)
 .text          0x0000000008000110       0x40 d:/st/stm32cubeide_1.4.0/stm32cubeide/plugins/com.st.stm32cube.ide.mcu.externaltools.gnu-tools-for-stm32.7-2018-q2-update.win32_1.5.0.202011040924/tools/bin/../lib/gcc/arm-none-eabi/7.3.1/thumb/v7-m/crtbegin.o
 .text          0x0000000008000150       0x10 d:/st/stm32cubeide_1.4.0/stm32cubeide/plugins/com.st.stm32cube.ide.mcu.externaltools.gnu-tools-for-stm32.7-2018-q2-update.win32_1.5.0.202011040924/tools/bin/../lib/gcc/arm-none-eabi/7.3.1/../../../../arm-none-eabi/lib/thumb/v7-m\libc_nano.a(lib_a-strlen.o)
                0x0000000008000150                strlen
 .text          0x0000000008000160      0x378 d:/st/stm32cubeide_1.4.0/stm32cubeide/plugins/com.st.stm32cube.ide.mcu.externaltools.gnu-tools-for-stm32.7-2018-q2-update.win32_1.5.0.202011040924/tools/bin/../lib/gcc/arm-none-eabi/7.3.1/thumb/v7-m\libgcc.a(_arm_addsubdf3.o)
                0x0000000008000160                __aeabi_drsub
                0x0000000008000168                __aeabi_dsub
                0x0000000008000168                __subdf3
                0x000000000800016c                __aeabi_dadd
                0x000000000800016c                __adddf3
                0x00000000080003e4                __floatunsidf
                0x00000000080003e4                __aeabi_ui2d
                0x0000000008000404                __floatsidf
                0x0000000008000404                __aeabi_i2d
                0x0000000008000428                __aeabi_f2d
                0x0000000008000428                __extendsfdf2
                0x000000000800046c                __floatundidf
                0x000000000800046c                __aeabi_ul2d
                0x000000000800047c                __floatdidf
                0x000000000800047c                __aeabi_l2d
 .text          0x00000000080004d8      0x424 d:/st/stm32cubeide_1.4.0/stm32cubeide/plugins/com.st.stm32cube.ide.mcu.externaltools.gnu-tools-for-stm32.7-2018-q2-update.win32_1.5.0.202011040924/tools/bin/../lib/gcc/arm-none-eabi/7.3.1/thumb/v7-m\libgcc.a(_arm_muldivdf3.o)
                0x00000000080004d8                __aeabi_dmul
                0x00000000080004d8                __muldf3
                0x000000000800072c                __divdf3
                0x000000000800072c                __aeabi_ddiv
 .text          0x00000000080008fc      0x110 d:/st/stm32cubeide_1.4.0/stm32cubeide/plugins/com.st.stm32cube.ide.mcu.externaltools.gnu-tools-for-stm32.7-2018-q2-update.win32_1.5.0.202011040924/tools/bin/../lib/gcc/arm-none-eabi/7.3.1/thumb/v7-m\libgcc.a(_arm_cmpdf2.o)
                0x00000000080008fc                __gtdf2
                0x00000000080008fc                __gedf2
                0x0000000008000904                __ltdf2
                0x0000000008000904                __ledf2
                0x000000000800090c                __nedf2
                0x000000000800090c                __eqdf2
                0x000000000800090c                __cmpdf2
                0x0000000008000988                __aeabi_cdrcmple
                0x0000000008000998                __aeabi_cdcmpeq
                0x0000000008000998                __aeabi_cdcmple
                0x00000000080009a8                __aeabi_dcmpeq
                0x00000000080009bc                __aeabi_dcmplt
                0x00000000080009d0                __aeabi_dcmple
                0x00000000080009e4                __aeabi_dcmpge
                0x00000000080009f8                __aeabi_dcmpgt
 .text          0x0000000008000a0c       0x2c d:/st/stm32cubeide_1.4.0/stm32cubeide/plugins/com.st.stm32cube.ide.mcu.externaltools.gnu-tools-for-stm32.7-2018-q2-update.win32_1.5.0.202011040924/tools/bin/../lib/gcc/arm-none-eabi/7.3.1/thumb/v7-m\libgcc.a(_arm_unorddf2.o)
                0x0000000008000a0c                __unorddf2
                0x0000000008000a0c                __aeabi_dcmpun
 .text          0x0000000008000a38       0x50 d:/st/stm32cubeide_1.4.0/stm32cubeide/plugins/com.st.stm32cube.ide.mcu.externaltools.gnu-tools-for-stm32.7-2018-q2-update.win32_1.5.0.202011040924/tools/bin/../lib/gcc/arm-none-eabi/7.3.1/thumb/v7-m\libgcc.a(_arm_fixdfsi.o)
                0x0000000008000a38                __aeabi_d2iz
                0x0000000008000a38                __fixdfsi
 .text          0x0000000008000a88       0xa0 d:/st/stm32cubeide_1.4.0/stm32cubeide/plugins/com.st.stm32cube.ide.mcu.externaltools.gnu-tools-for-stm32.7-2018-q2-update.win32_1.5.0.202011040924/tools/bin/../lib/gcc/arm-none-eabi/7.3.1/thumb/v7-m\libgcc.a(_arm_truncdfsf2.o)
                0x0000000008000a88                __truncdfsf2
                0x0000000008000a88                __aeabi_d2f
 .text          0x0000000008000b28      0x21c d:/st/stm32cubeide_1.4.0/stm32cubeide/plugins/com.st.stm32cube.ide.mcu.externaltools.gnu-tools-for-stm32.7-2018-q2-update.win32_1.5.0.202011040924/tools/bin/../lib/gcc/arm-none-eabi/7.3.1/thumb/v7-m\libgcc.a(_arm_addsubsf3.o)
                0x0000000008000b28                __aeabi_frsub
                0x0000000008000b30                __subsf3
                0x0000000008000b30                __aeabi_fsub
                0x0000000008000b34                __aeabi_fadd
                0x0000000008000b34                __addsf3
                0x0000000008000c94                __aeabi_ui2f
                0x0000000008000c94                __floatunsisf
                0x0000000008000c9c                __aeabi_i2f
                0x0000000008000c9c                __floatsisf
                0x0000000008000cb8                __aeabi_ul2f
                0x0000000008000cb8                __floatundisf
                0x0000000008000cc8                __aeabi_l2f
                0x0000000008000cc8                __floatdisf
 .text          0x0000000008000d44      0x2a0 d:/st/stm32cubeide_1.4.0/stm32cubeide/plugins/com.st.stm32cube.ide.mcu.externaltools.gnu-tools-for-stm32.7-2018-q2-update.win32_1.5.0.202011040924/tools/bin/../lib/gcc/arm-none-eabi/7.3.1/thumb/v7-m\libgcc.a(_arm_muldivsf3.o)
                0x0000000008000d44                __mulsf3
                0x0000000008000d44                __aeabi_fmul
                0x0000000008000eac                __aeabi_fdiv
                0x0000000008000eac                __divsf3
 .text          0x0000000008000fe4       0xec d:/st/stm32cubeide_1.4.0/stm32cubeide/plugins/com.st.stm32cube.ide.mcu.externaltools.gnu-tools-for-stm32.7-2018-q2-update.win32_1.5.0.202011040924/tools/bin/../lib/gcc/arm-none-eabi/7.3.1/thumb/v7-m\libgcc.a(_arm_cmpsf2.o)
                0x0000000008000fe4                __gesf2
                0x0000000008000fe4                __gtsf2
                0x0000000008000fec                __lesf2
                0x0000000008000fec                __ltsf2
                0x0000000008000ff4                __nesf2
                0x0000000008000ff4                __eqsf2
                0x0000000008000ff4                __cmpsf2
                0x0000000008001054                __aeabi_cfrcmple
                0x000000000800105c                __aeabi_cfcmpeq
                0x000000000800105c                __aeabi_cfcmple
                0x000000000800106c                __aeabi_fcmpeq
                0x0000000008001080                __aeabi_fcmplt
                0x0000000008001094                __aeabi_fcmple
                0x00000000080010a8                __aeabi_fcmpge
                0x00000000080010bc                __aeabi_fcmpgt
 .text          0x00000000080010d0       0x2c d:/st/stm32cubeide_1.4.0/stm32cubeide/plugins/com.st.stm32cube.ide.mcu.externaltools.gnu-tools-for-stm32.7-2018-q2-update.win32_1.5.0.202011040924/tools/bin/../lib/gcc/arm-none-eabi/7.3.1/thumb/v7-m\libgcc.a(_arm_unordsf2.o)
                0x00000000080010d0                __unordsf2
                0x00000000080010d0                __aeabi_fcmpun
 .text          0x00000000080010fc       0x40 d:/st/stm32cubeide_1.4.0/stm32cubeide/plugins/com.st.stm32cube.ide.mcu.externaltools.gnu-tools-for-stm32.7-2018-q2-update.win32_1.5.0.202011040924/tools/bin/../lib/gcc/arm-none-eabi/7.3.1/thumb/v7-m\libgcc.a(_arm_fixunssfsi.o)
                0x00000000080010fc                __fixunssfsi
                0x00000000080010fc                __aeabi_f2uiz
 *(.text*)
 .text.MX_GPIO_Init
                0x000000000800113c       0xd8 Core/Src/gpio.o
                0x000000000800113c                MX_GPIO_Init
 .text.measureStartHandler
                0x0000000008001214        0x4 Core/Src/main.o
                0x0000000008001214                measureStartHandler
 .text.measureStopHandler
                0x0000000008001218        0x4 Core/Src/main.o
                0x0000000008001218                measureStopHandler
 .text.SystemClock_Config
                0x000000000800121c       0x56 Core/Src/main.o
                0x000000000800121c                SystemClock_Config
 *fill*         0x0000000008001272        0x2 
 .text.startup.main
                0x0000000008001274       0x54 Core/Src/main.o
                0x0000000008001274                main
 .text.Error_Handler
                0x00000000080012c8        0x2 Core/Src/main.o
                0x00000000080012c8                Error_Handler
 *fill*         0x00000000080012ca        0x2 
 .text.MX_SPI1_Init
                0x00000000080012cc       0x44 Core/Src/spi.o
                0x00000000080012cc                MX_SPI1_Init
 .text.HAL_SPI_MspInit
                0x0000000008001310       0x74 Core/Src/spi.o
                0x0000000008001310                HAL_SPI_MspInit
 .text.HAL_MspInit
                0x0000000008001384       0x44 Core/Src/stm32f1xx_hal_msp.o
                0x0000000008001384                HAL_MspInit
 .text.__io_putchar
                0x00000000080013c8       0x20 Core/Src/stm32f1xx_hal_msp.o
                0x00000000080013c8                __io_putchar
 .text.HAL_InitTick
                0x00000000080013e8       0x78 Core/Src/stm32f1xx_hal_timebase_tim.o
                0x00000000080013e8                HAL_InitTick
 .text.NMI_Handler
                0x0000000008001460        0x2 Core/Src/stm32f1xx_it.o
                0x0000000008001460                NMI_Handler
 .text.HardFault_Handler
                0x0000000008001462        0x2 Core/Src/stm32f1xx_it.o
                0x0000000008001462                HardFault_Handler
 .text.MemManage_Handler
                0x0000000008001464        0x2 Core/Src/stm32f1xx_it.o
                0x0000000008001464                MemManage_Handler
 .text.BusFault_Handler
                0x0000000008001466        0x2 Core/Src/stm32f1xx_it.o
                0x0000000008001466                BusFault_Handler
 .text.UsageFault_Handler
                0x0000000008001468        0x2 Core/Src/stm32f1xx_it.o
                0x0000000008001468                UsageFault_Handler
 .text.SVC_Handler
                0x000000000800146a        0x2 Core/Src/stm32f1xx_it.o
                0x000000000800146a                SVC_Handler
 .text.DebugMon_Handler
                0x000000000800146c        0x2 Core/Src/stm32f1xx_it.o
                0x000000000800146c                DebugMon_Handler
 .text.PendSV_Handler
                0x000000000800146e        0x2 Core/Src/stm32f1xx_it.o
                0x000000000800146e                PendSV_Handler
 .text.SysTick_Handler
                0x0000000008001470        0x2 Core/Src/stm32f1xx_it.o
                0x0000000008001470                SysTick_Handler
 *fill*         0x0000000008001472        0x2 
 .text.TIM1_UP_IRQHandler
                0x0000000008001474        0xc Core/Src/stm32f1xx_it.o
                0x0000000008001474                TIM1_UP_IRQHandler
 .text.TIM3_IRQHandler
                0x0000000008001480        0xc Core/Src/stm32f1xx_it.o
                0x0000000008001480                TIM3_IRQHandler
 .text.TIM4_IRQHandler
                0x000000000800148c        0xc Core/Src/stm32f1xx_it.o
                0x000000000800148c                TIM4_IRQHandler
 .text.USART1_IRQHandler
                0x0000000008001498        0xc Core/Src/stm32f1xx_it.o
                0x0000000008001498                USART1_IRQHandler
 .text.USART2_IRQHandler
                0x00000000080014a4        0xc Core/Src/stm32f1xx_it.o
                0x00000000080014a4                USART2_IRQHandler
 .text.USART3_IRQHandler
                0x00000000080014b0        0xc Core/Src/stm32f1xx_it.o
                0x00000000080014b0                USART3_IRQHandler
 .text._read    0x00000000080014bc       0x1c Core/Src/syscalls.o
                0x00000000080014bc                _read
 .text._write   0x00000000080014d8       0x1c Core/Src/syscalls.o
                0x00000000080014d8                _write
 .text._close   0x00000000080014f4        0x6 Core/Src/syscalls.o
                0x00000000080014f4                _close
 .text._fstat   0x00000000080014fa        0xa Core/Src/syscalls.o
                0x00000000080014fa                _fstat
 .text._isatty  0x0000000008001504        0x4 Core/Src/syscalls.o
                0x0000000008001504                _isatty
 .text._lseek   0x0000000008001508        0x4 Core/Src/syscalls.o
                0x0000000008001508                _lseek
 .text._sbrk    0x000000000800150c       0x40 Core/Src/sysmem.o
                0x000000000800150c                _sbrk
 .text.SystemInit
                0x000000000800154c        0x2 Core/Src/system_stm32f1xx.o
                0x000000000800154c                SystemInit
 *fill*         0x000000000800154e        0x2 
 .text.MX_TIM2_Init
                0x0000000008001550       0x68 Core/Src/tim.o
                0x0000000008001550                MX_TIM2_Init
 .text.MX_TIM3_Init
                0x00000000080015b8       0x6c Core/Src/tim.o
                0x00000000080015b8                MX_TIM3_Init
 .text.HAL_TIM_PWM_MspInit
                0x0000000008001624       0x40 Core/Src/tim.o
                0x0000000008001624                HAL_TIM_PWM_MspInit
 .text.HAL_TIM_Base_MspInit
                0x0000000008001664       0x60 Core/Src/tim.o
                0x0000000008001664                HAL_TIM_Base_MspInit
 .text.HAL_TIM_MspPostInit
                0x00000000080016c4       0x50 Core/Src/tim.o
                0x00000000080016c4                HAL_TIM_MspPostInit
 .text.MX_TIM1_Init
                0x0000000008001714       0xa8 Core/Src/tim.o
                0x0000000008001714                MX_TIM1_Init
 .text.MX_USART1_UART_Init
                0x00000000080017bc       0x38 Core/Src/usart.o
                0x00000000080017bc                MX_USART1_UART_Init
 .text.MX_USART2_UART_Init
                0x00000000080017f4       0x38 Core/Src/usart.o
                0x00000000080017f4                MX_USART2_UART_Init
 .text.MX_USART3_UART_Init
                0x000000000800182c       0x38 Core/Src/usart.o
                0x000000000800182c                MX_USART3_UART_Init
 .text.HAL_UART_MspInit
                0x0000000008001864      0x158 Core/Src/usart.o
                0x0000000008001864                HAL_UART_MspInit
 .text.HAL_UART_RxCpltCallback
                0x00000000080019bc       0xbc Core/Src/usart.o
                0x00000000080019bc                HAL_UART_RxCpltCallback
 .text.Reset_Handler
                0x0000000008001a78       0x48 Core/Startup/startup_stm32f103c8tx.o
                0x0000000008001a78                Reset_Handler
 .text.Default_Handler
                0x0000000008001ac0        0x2 Core/Startup/startup_stm32f103c8tx.o
                0x0000000008001ac0                RTC_Alarm_IRQHandler
                0x0000000008001ac0                EXTI2_IRQHandler
                0x0000000008001ac0                TIM1_CC_IRQHandler
                0x0000000008001ac0                PVD_IRQHandler
                0x0000000008001ac0                EXTI3_IRQHandler
                0x0000000008001ac0                EXTI0_IRQHandler
                0x0000000008001ac0                I2C2_EV_IRQHandler
                0x0000000008001ac0                ADC1_2_IRQHandler
                0x0000000008001ac0                SPI1_IRQHandler
                0x0000000008001ac0                TAMPER_IRQHandler
                0x0000000008001ac0                DMA1_Channel4_IRQHandler
                0x0000000008001ac0                RTC_IRQHandler
                0x0000000008001ac0                DMA1_Channel7_IRQHandler
                0x0000000008001ac0                CAN1_RX1_IRQHandler
                0x0000000008001ac0                I2C1_EV_IRQHandler
                0x0000000008001ac0                DMA1_Channel6_IRQHandler
                0x0000000008001ac0                RCC_IRQHandler
                0x0000000008001ac0                TIM1_TRG_COM_IRQHandler
                0x0000000008001ac0                DMA1_Channel1_IRQHandler
                0x0000000008001ac0                Default_Handler
                0x0000000008001ac0                EXTI15_10_IRQHandler
                0x0000000008001ac0                EXTI9_5_IRQHandler
                0x0000000008001ac0                SPI2_IRQHandler
                0x0000000008001ac0                DMA1_Channel5_IRQHandler
                0x0000000008001ac0                EXTI4_IRQHandler
                0x0000000008001ac0                USB_LP_CAN1_RX0_IRQHandler
                0x0000000008001ac0                USB_HP_CAN1_TX_IRQHandler
                0x0000000008001ac0                DMA1_Channel3_IRQHandler
                0x0000000008001ac0                WWDG_IRQHandler
                0x0000000008001ac0                TIM2_IRQHandler
                0x0000000008001ac0                TIM1_BRK_IRQHandler
                0x0000000008001ac0                EXTI1_IRQHandler
                0x0000000008001ac0                I2C2_ER_IRQHandler
                0x0000000008001ac0                DMA1_Channel2_IRQHandler
                0x0000000008001ac0                CAN1_SCE_IRQHandler
                0x0000000008001ac0                FLASH_IRQHandler
                0x0000000008001ac0                I2C1_ER_IRQHandler
                0x0000000008001ac0                USBWakeUp_IRQHandler
 *fill*         0x0000000008001ac2        0x2 
 .text.HAL_Init
                0x0000000008001ac4       0x24 Drivers/STM32F1xx_HAL_Driver/Src/stm32f1xx_hal.o
                0x0000000008001ac4                HAL_Init
 .text.HAL_IncTick
                0x0000000008001ae8       0x18 Drivers/STM32F1xx_HAL_Driver/Src/stm32f1xx_hal.o
                0x0000000008001ae8                HAL_IncTick
 .text.HAL_GetTick
                0x0000000008001b00        0xc Drivers/STM32F1xx_HAL_Driver/Src/stm32f1xx_hal.o
                0x0000000008001b00                HAL_GetTick
 .text.HAL_NVIC_SetPriorityGrouping
                0x0000000008001b0c       0x24 Drivers/STM32F1xx_HAL_Driver/Src/stm32f1xx_hal_cortex.o
                0x0000000008001b0c                HAL_NVIC_SetPriorityGrouping
 .text.HAL_NVIC_SetPriority
                0x0000000008001b30       0x68 Drivers/STM32F1xx_HAL_Driver/Src/stm32f1xx_hal_cortex.o
                0x0000000008001b30                HAL_NVIC_SetPriority
 .text.HAL_NVIC_EnableIRQ
                0x0000000008001b98       0x1c Drivers/STM32F1xx_HAL_Driver/Src/stm32f1xx_hal_cortex.o
                0x0000000008001b98                HAL_NVIC_EnableIRQ
 .text.HAL_NVIC_DisableIRQ
                0x0000000008001bb4       0x28 Drivers/STM32F1xx_HAL_Driver/Src/stm32f1xx_hal_cortex.o
                0x0000000008001bb4                HAL_NVIC_DisableIRQ
 .text.HAL_DMA_Abort_IT
                0x0000000008001bdc       0x90 Drivers/STM32F1xx_HAL_Driver/Src/stm32f1xx_hal_dma.o
                0x0000000008001bdc                HAL_DMA_Abort_IT
 .text.HAL_GPIO_Init
                0x0000000008001c6c      0x1c0 Drivers/STM32F1xx_HAL_Driver/Src/stm32f1xx_hal_gpio.o
                0x0000000008001c6c                HAL_GPIO_Init
 .text.HAL_GPIO_ReadPin
                0x0000000008001e2c        0xc Drivers/STM32F1xx_HAL_Driver/Src/stm32f1xx_hal_gpio.o
                0x0000000008001e2c                HAL_GPIO_ReadPin
 .text.HAL_GPIO_WritePin
                0x0000000008001e38        0xa Drivers/STM32F1xx_HAL_Driver/Src/stm32f1xx_hal_gpio.o
                0x0000000008001e38                HAL_GPIO_WritePin
 .text.HAL_GPIO_TogglePin
                0x0000000008001e42       0x12 Drivers/STM32F1xx_HAL_Driver/Src/stm32f1xx_hal_gpio.o
                0x0000000008001e42                HAL_GPIO_TogglePin
 .text.HAL_RCC_OscConfig
                0x0000000008001e54      0x33c Drivers/STM32F1xx_HAL_Driver/Src/stm32f1xx_hal_rcc.o
                0x0000000008001e54                HAL_RCC_OscConfig
 .text.HAL_RCC_GetSysClockFreq
                0x0000000008002190       0x74 Drivers/STM32F1xx_HAL_Driver/Src/stm32f1xx_hal_rcc.o
                0x0000000008002190                HAL_RCC_GetSysClockFreq
 .text.HAL_RCC_ClockConfig
                0x0000000008002204      0x138 Drivers/STM32F1xx_HAL_Driver/Src/stm32f1xx_hal_rcc.o
                0x0000000008002204                HAL_RCC_ClockConfig
 .text.HAL_RCC_GetHCLKFreq
                0x000000000800233c        0xc Drivers/STM32F1xx_HAL_Driver/Src/stm32f1xx_hal_rcc.o
                0x000000000800233c                HAL_RCC_GetHCLKFreq
 .text.HAL_RCC_GetPCLK1Freq
                0x0000000008002348       0x20 Drivers/STM32F1xx_HAL_Driver/Src/stm32f1xx_hal_rcc.o
                0x0000000008002348                HAL_RCC_GetPCLK1Freq
 .text.HAL_RCC_GetPCLK2Freq
                0x0000000008002368       0x20 Drivers/STM32F1xx_HAL_Driver/Src/stm32f1xx_hal_rcc.o
                0x0000000008002368                HAL_RCC_GetPCLK2Freq
 .text.HAL_RCC_GetClockConfig
                0x0000000008002388       0x3c Drivers/STM32F1xx_HAL_Driver/Src/stm32f1xx_hal_rcc.o
                0x0000000008002388                HAL_RCC_GetClockConfig
 .text.SPI_WaitFlagStateUntilTimeout.constprop.6
                0x00000000080023c4       0xac Drivers/STM32F1xx_HAL_Driver/Src/stm32f1xx_hal_spi.o
 .text.SPI_EndRxTxTransaction
                0x0000000008002470       0x1c Drivers/STM32F1xx_HAL_Driver/Src/stm32f1xx_hal_spi.o
 .text.HAL_SPI_Init
                0x000000000800248c       0xb0 Drivers/STM32F1xx_HAL_Driver/Src/stm32f1xx_hal_spi.o
                0x000000000800248c                HAL_SPI_Init
 .text.HAL_SPI_Transmit
                0x000000000800253c      0x156 Drivers/STM32F1xx_HAL_Driver/Src/stm32f1xx_hal_spi.o
                0x000000000800253c                HAL_SPI_Transmit
 *fill*         0x0000000008002692        0x2 
 .text.TIM_OC1_SetConfig
                0x0000000008002694       0x50 Drivers/STM32F1xx_HAL_Driver/Src/stm32f1xx_hal_tim.o
 .text.TIM_OC3_SetConfig
                0x00000000080026e4       0x54 Drivers/STM32F1xx_HAL_Driver/Src/stm32f1xx_hal_tim.o
 .text.TIM_OC4_SetConfig
                0x0000000008002738       0x44 Drivers/STM32F1xx_HAL_Driver/Src/stm32f1xx_hal_tim.o
 .text.HAL_TIM_Base_Start_IT
                0x000000000800277c       0x54 Drivers/STM32F1xx_HAL_Driver/Src/stm32f1xx_hal_tim.o
                0x000000000800277c                HAL_TIM_Base_Start_IT
 .text.HAL_TIM_Base_Stop_IT
                0x00000000080027d0       0x30 Drivers/STM32F1xx_HAL_Driver/Src/stm32f1xx_hal_tim.o
                0x00000000080027d0                HAL_TIM_Base_Stop_IT
 .text.HAL_TIM_OC_DelayElapsedCallback
                0x0000000008002800        0x2 Drivers/STM32F1xx_HAL_Driver/Src/stm32f1xx_hal_tim.o
                0x0000000008002800                HAL_TIM_OC_DelayElapsedCallback
 .text.HAL_TIM_IC_CaptureCallback
                0x0000000008002802        0x2 Drivers/STM32F1xx_HAL_Driver/Src/stm32f1xx_hal_tim.o
                0x0000000008002802                HAL_TIM_IC_CaptureCallback
 .text.HAL_TIM_PWM_PulseFinishedCallback
                0x0000000008002804        0x2 Drivers/STM32F1xx_HAL_Driver/Src/stm32f1xx_hal_tim.o
                0x0000000008002804                HAL_TIM_PWM_PulseFinishedCallback
 .text.HAL_TIM_TriggerCallback
                0x0000000008002806        0x2 Drivers/STM32F1xx_HAL_Driver/Src/stm32f1xx_hal_tim.o
                0x0000000008002806                HAL_TIM_TriggerCallback
 .text.HAL_TIM_IRQHandler
                0x0000000008002808      0x144 Drivers/STM32F1xx_HAL_Driver/Src/stm32f1xx_hal_tim.o
                0x0000000008002808                HAL_TIM_IRQHandler
 .text.TIM_Base_SetConfig
                0x000000000800294c       0x70 Drivers/STM32F1xx_HAL_Driver/Src/stm32f1xx_hal_tim.o
                0x000000000800294c                TIM_Base_SetConfig
 .text.HAL_TIM_Base_Init
                0x00000000080029bc       0x58 Drivers/STM32F1xx_HAL_Driver/Src/stm32f1xx_hal_tim.o
                0x00000000080029bc                HAL_TIM_Base_Init
 .text.HAL_TIM_PWM_Init
                0x0000000008002a14       0x58 Drivers/STM32F1xx_HAL_Driver/Src/stm32f1xx_hal_tim.o
                0x0000000008002a14                HAL_TIM_PWM_Init
 .text.TIM_OC2_SetConfig
                0x0000000008002a6c       0x58 Drivers/STM32F1xx_HAL_Driver/Src/stm32f1xx_hal_tim.o
                0x0000000008002a6c                TIM_OC2_SetConfig
 .text.HAL_TIM_PWM_ConfigChannel
                0x0000000008002ac4       0xba Drivers/STM32F1xx_HAL_Driver/Src/stm32f1xx_hal_tim.o
                0x0000000008002ac4                HAL_TIM_PWM_ConfigChannel
 .text.TIM_ETR_SetConfig
                0x0000000008002b7e       0x14 Drivers/STM32F1xx_HAL_Driver/Src/stm32f1xx_hal_tim.o
                0x0000000008002b7e                TIM_ETR_SetConfig
 .text.HAL_TIM_ConfigClockSource
                0x0000000008002b92      0x128 Drivers/STM32F1xx_HAL_Driver/Src/stm32f1xx_hal_tim.o
                0x0000000008002b92                HAL_TIM_ConfigClockSource
 .text.TIM_CCxChannelCmd
                0x0000000008002cba       0x1c Drivers/STM32F1xx_HAL_Driver/Src/stm32f1xx_hal_tim.o
                0x0000000008002cba                TIM_CCxChannelCmd
 *fill*         0x0000000008002cd6        0x2 
 .text.HAL_TIM_OC_Start
                0x0000000008002cd8       0x9c Drivers/STM32F1xx_HAL_Driver/Src/stm32f1xx_hal_tim.o
                0x0000000008002cd8                HAL_TIM_OC_Start
 .text.HAL_TIM_PWM_Start
                0x0000000008002d74        0x4 Drivers/STM32F1xx_HAL_Driver/Src/stm32f1xx_hal_tim.o
                0x0000000008002d74                HAL_TIM_PWM_Start
 .text.HAL_TIM_OC_Stop_IT
                0x0000000008002d78       0xb0 Drivers/STM32F1xx_HAL_Driver/Src/stm32f1xx_hal_tim.o
                0x0000000008002d78                HAL_TIM_OC_Stop_IT
 .text.HAL_TIM_PWM_Stop_IT
                0x0000000008002e28        0x4 Drivers/STM32F1xx_HAL_Driver/Src/stm32f1xx_hal_tim.o
                0x0000000008002e28                HAL_TIM_PWM_Stop_IT
 .text.HAL_TIMEx_MasterConfigSynchronization
                0x0000000008002e2c       0x64 Drivers/STM32F1xx_HAL_Driver/Src/stm32f1xx_hal_tim_ex.o
                0x0000000008002e2c                HAL_TIMEx_MasterConfigSynchronization
 .text.HAL_TIMEx_ConfigBreakDeadTime
                0x0000000008002e90       0x4c Drivers/STM32F1xx_HAL_Driver/Src/stm32f1xx_hal_tim_ex.o
                0x0000000008002e90                HAL_TIMEx_ConfigBreakDeadTime
 .text.HAL_TIMEx_CommutCallback
                0x0000000008002edc        0x2 Drivers/STM32F1xx_HAL_Driver/Src/stm32f1xx_hal_tim_ex.o
                0x0000000008002edc                HAL_TIMEx_CommutCallback
 .text.HAL_TIMEx_BreakCallback
                0x0000000008002ede        0x2 Drivers/STM32F1xx_HAL_Driver/Src/stm32f1xx_hal_tim_ex.o
                0x0000000008002ede                HAL_TIMEx_BreakCallback
 .text.UART_EndRxTransfer
                0x0000000008002ee0       0x1a Drivers/STM32F1xx_HAL_Driver/Src/stm32f1xx_hal_uart.o
 *fill*         0x0000000008002efa        0x2 
 .text.UART_SetConfig
                0x0000000008002efc       0x74 Drivers/STM32F1xx_HAL_Driver/Src/stm32f1xx_hal_uart.o
 .text.UART_WaitOnFlagUntilTimeout.constprop.3
                0x0000000008002f70       0x50 Drivers/STM32F1xx_HAL_Driver/Src/stm32f1xx_hal_uart.o
 .text.HAL_UART_Init
                0x0000000008002fc0       0x5c Drivers/STM32F1xx_HAL_Driver/Src/stm32f1xx_hal_uart.o
                0x0000000008002fc0                HAL_UART_Init
 .text.HAL_UART_Transmit
                0x000000000800301c       0xae Drivers/STM32F1xx_HAL_Driver/Src/stm32f1xx_hal_uart.o
                0x000000000800301c                HAL_UART_Transmit
 .text.HAL_UART_Receive_IT
                0x00000000080030ca       0x4e Drivers/STM32F1xx_HAL_Driver/Src/stm32f1xx_hal_uart.o
                0x00000000080030ca                HAL_UART_Receive_IT
 .text.HAL_UART_TxCpltCallback
                0x0000000008003118        0x2 Drivers/STM32F1xx_HAL_Driver/Src/stm32f1xx_hal_uart.o
                0x0000000008003118                HAL_UART_TxCpltCallback
 .text.UART_Receive_IT
                0x000000000800311a       0x74 Drivers/STM32F1xx_HAL_Driver/Src/stm32f1xx_hal_uart.o
 .text.HAL_UART_ErrorCallback
                0x000000000800318e        0x2 Drivers/STM32F1xx_HAL_Driver/Src/stm32f1xx_hal_uart.o
                0x000000000800318e                HAL_UART_ErrorCallback
 .text.HAL_UART_IRQHandler
                0x0000000008003190      0x140 Drivers/STM32F1xx_HAL_Driver/Src/stm32f1xx_hal_uart.o
                0x0000000008003190                HAL_UART_IRQHandler
 .text.UART_DMAAbortOnError
                0x00000000080032d0       0x10 Drivers/STM32F1xx_HAL_Driver/Src/stm32f1xx_hal_uart.o
 .text.MX_FATFS_Init
                0x00000000080032e0       0x2c FATFS/App/fatfs.o
                0x00000000080032e0                MX_FATFS_Init
 .text.get_fattime
                0x000000000800330c        0x4 FATFS/App/fatfs.o
                0x000000000800330c                get_fattime
 .text.USER_status
                0x0000000008003310       0x14 FATFS/Target/user_diskio.o
                0x0000000008003310                USER_status
 .text.USER_initialize
                0x0000000008003324       0x20 FATFS/Target/user_diskio.o
                0x0000000008003324                USER_initialize
 .text.USER_read
                0x0000000008003344       0x18 FATFS/Target/user_diskio.o
                0x0000000008003344                USER_read
 .text.USER_write
                0x000000000800335c       0x18 FATFS/Target/user_diskio.o
                0x000000000800335c                USER_write
 .text.USER_ioctl
                0x0000000008003374       0x6c FATFS/Target/user_diskio.o
                0x0000000008003374                USER_ioctl
 .text.disk_status
                0x00000000080033e0       0x14 Middlewares/Third_Party/FatFs/src/diskio.o
                0x00000000080033e0                disk_status
 .text.disk_initialize
                0x00000000080033f4       0x20 Middlewares/Third_Party/FatFs/src/diskio.o
                0x00000000080033f4                disk_initialize
 .text.disk_read
                0x0000000008003414       0x1c Middlewares/Third_Party/FatFs/src/diskio.o
                0x0000000008003414                disk_read
 .text.disk_write
                0x0000000008003430       0x1c Middlewares/Third_Party/FatFs/src/diskio.o
                0x0000000008003430                disk_write
 .text.disk_ioctl
                0x000000000800344c       0x18 Middlewares/Third_Party/FatFs/src/diskio.o
                0x000000000800344c                disk_ioctl
 .text.mem_cpy  0x0000000008003464       0x14 Middlewares/Third_Party/FatFs/src/ff.o
 .text.mem_set  0x0000000008003478        0xe Middlewares/Third_Party/FatFs/src/ff.o
 *fill*         0x0000000008003486        0x2 
 .text.chk_lock
                0x0000000008003488       0x80 Middlewares/Third_Party/FatFs/src/ff.o
 .text.inc_lock
                0x0000000008003508       0x98 Middlewares/Third_Party/FatFs/src/ff.o
 .text.dec_lock
                0x00000000080035a0       0x40 Middlewares/Third_Party/FatFs/src/ff.o
 .text.clmt_clust
                0x00000000080035e0       0x28 Middlewares/Third_Party/FatFs/src/ff.o
 .text.get_ldnumber
                0x0000000008003608       0x30 Middlewares/Third_Party/FatFs/src/ff.o
 .text.validate
                0x0000000008003638       0x2e Middlewares/Third_Party/FatFs/src/ff.o
 .text.ld_clust.isra.0
                0x0000000008003666       0x1c Middlewares/Third_Party/FatFs/src/ff.o
 .text.sync_window.part.2
                0x0000000008003682       0x52 Middlewares/Third_Party/FatFs/src/ff.o
 .text.sync_window
                0x00000000080036d4        0xe Middlewares/Third_Party/FatFs/src/ff.o
 .text.move_window
                0x00000000080036e2       0x3a Middlewares/Third_Party/FatFs/src/ff.o
 .text.check_fs
                0x000000000800371c       0x58 Middlewares/Third_Party/FatFs/src/ff.o
 .text.find_volume
                0x0000000008003774      0x27c Middlewares/Third_Party/FatFs/src/ff.o
 .text.sync_fs  0x00000000080039f0       0xac Middlewares/Third_Party/FatFs/src/ff.o
 .text.clust2sect
                0x0000000008003a9c       0x1c Middlewares/Third_Party/FatFs/src/ff.o
                0x0000000008003a9c                clust2sect
 .text.get_fat  0x0000000008003ab8       0xc2 Middlewares/Third_Party/FatFs/src/ff.o
                0x0000000008003ab8                get_fat
 .text.dir_sdi  0x0000000008003b7a       0x9e Middlewares/Third_Party/FatFs/src/ff.o
 .text.put_fat  0x0000000008003c18       0xf4 Middlewares/Third_Party/FatFs/src/ff.o
                0x0000000008003c18                put_fat
 .text.create_chain
                0x0000000008003d0c       0xb2 Middlewares/Third_Party/FatFs/src/ff.o
 .text.dir_next
                0x0000000008003dbe      0x116 Middlewares/Third_Party/FatFs/src/ff.o
 .text.follow_path
                0x0000000008003ed4      0x19c Middlewares/Third_Party/FatFs/src/ff.o
 .text.dir_register
                0x0000000008004070       0x76 Middlewares/Third_Party/FatFs/src/ff.o
 .text.remove_chain
                0x00000000080040e6       0x66 Middlewares/Third_Party/FatFs/src/ff.o
 .text.f_mount  0x000000000800414c       0x6c Middlewares/Third_Party/FatFs/src/ff.o
                0x000000000800414c                f_mount
 .text.f_open   0x00000000080041b8      0x1b0 Middlewares/Third_Party/FatFs/src/ff.o
                0x00000000080041b8                f_open
 .text.f_write  0x0000000008004368      0x1e0 Middlewares/Third_Party/FatFs/src/ff.o
                0x0000000008004368                f_write
 .text.f_sync   0x0000000008004548       0xc0 Middlewares/Third_Party/FatFs/src/ff.o
                0x0000000008004548                f_sync
 .text.f_close  0x0000000008004608       0x22 Middlewares/Third_Party/FatFs/src/ff.o
                0x0000000008004608                f_close
 .text.f_lseek  0x000000000800462a      0x29a Middlewares/Third_Party/FatFs/src/ff.o
                0x000000000800462a                f_lseek
 .text.FATFS_LinkDriverEx
                0x00000000080048c4       0x44 Middlewares/Third_Party/FatFs/src/ff_gen_drv.o
                0x00000000080048c4                FATFS_LinkDriverEx
 .text.FATFS_LinkDriver
                0x0000000008004908        0x6 Middlewares/Third_Party/FatFs/src/ff_gen_drv.o
                0x0000000008004908                FATFS_LinkDriver
 *fill*         0x000000000800490e        0x2 
 .text.An_Tran_WR_Byte
                0x0000000008004910       0x78 Src/Device/AzimuthSensor/azimuth_sensor.o
                0x0000000008004910                An_Tran_WR_Byte
 .text.An_Tran_Read_Byte
                0x0000000008004988       0xb4 Src/Device/AzimuthSensor/azimuth_sensor.o
                0x0000000008004988                An_Tran_Read_Byte
 .text.selectSort
                0x0000000008004a3c       0x40 Src/Device/AzimuthSensor/azimuth_sensor.o
                0x0000000008004a3c                selectSort
 .text.AngularDataProcess
                0x0000000008004a7c       0x5e Src/Device/AzimuthSensor/azimuth_sensor.o
                0x0000000008004a7c                AngularDataProcess
 *fill*         0x0000000008004ada        0x6 
 .text.AS_Convert_Degree
                0x0000000008004ae0       0xa8 Src/Device/AzimuthSensor/azimuth_sensor.o
                0x0000000008004ae0                AS_Convert_Degree
 .text.Measure_Start
                0x0000000008004b88       0x6c Src/Device/Measure/measure.o
                0x0000000008004b88                Measure_Start
 .text.Measure_Stop
                0x0000000008004bf4       0x54 Src/Device/Measure/measure.o
                0x0000000008004bf4                Measure_Stop
 .text.Measure_Update
                0x0000000008004c48       0xe0 Src/Device/Measure/measure.o
                0x0000000008004c48                Measure_Update
 .text.HAL_TIM_PeriodElapsedCallback
                0x0000000008004d28       0x9c Src/Device/Measure/measure.o
                0x0000000008004d28                HAL_TIM_PeriodElapsedCallback
 .text.Motor_DIR_Turn
                0x0000000008004dc4        0x4 Src/Device/Motor/motor.o
                0x0000000008004dc4                Motor_DIR_Turn
 .text.registerMeasureStartHandler
                0x0000000008004dc8        0xc Src/Device/Open_Tel_Mavlink/open_tel_mavlink.o
                0x0000000008004dc8                registerMeasureStartHandler
 .text.registerMeasureStopHandler
                0x0000000008004dd4        0xc Src/Device/Open_Tel_Mavlink/open_tel_mavlink.o
                0x0000000008004dd4                registerMeasureStopHandler
 .text.SPI_FLASH_SendByte
                0x0000000008004de0       0x30 Src/Device/SDCard/sd_card.o
                0x0000000008004de0                SPI_FLASH_SendByte
 .text.SD_WaitReady
                0x0000000008004e10       0x10 Src/Device/SDCard/sd_card.o
                0x0000000008004e10                SD_WaitReady
 .text.SD_SendCommand
                0x0000000008004e20       0x70 Src/Device/SDCard/sd_card.o
                0x0000000008004e20                SD_SendCommand
 .text.SD_SendCommand_NoDeassert
                0x0000000008004e90       0x5c Src/Device/SDCard/sd_card.o
                0x0000000008004e90                SD_SendCommand_NoDeassert
 .text.SPI_SetSpeed
                0x0000000008004eec       0x4c Src/Device/SDCard/sd_card.o
                0x0000000008004eec                SPI_SetSpeed
 .text.SD_Init  0x0000000008004f38      0x1c4 Src/Device/SDCard/sd_card.o
                0x0000000008004f38                SD_Init
 .text.SD_ReceiveData
                0x00000000080050fc       0x74 Src/Device/SDCard/sd_card.o
                0x00000000080050fc                SD_ReceiveData
 .text.SD_GetCID
                0x0000000008005170       0x20 Src/Device/SDCard/sd_card.o
                0x0000000008005170                SD_GetCID
 .text.SD_GetCSD
                0x0000000008005190       0x20 Src/Device/SDCard/sd_card.o
                0x0000000008005190                SD_GetCSD
 .text.SD_ReadSingleBlock
                0x00000000080051b0       0x2a Src/Device/SDCard/sd_card.o
                0x00000000080051b0                SD_ReadSingleBlock
 *fill*         0x00000000080051da        0x2 
 .text.SD_WriteSingleBlock
                0x00000000080051dc       0xb0 Src/Device/SDCard/sd_card.o
                0x00000000080051dc                SD_WriteSingleBlock
 .text.SD_ReadMultiBlock
                0x000000000800528c       0x58 Src/Device/SDCard/sd_card.o
                0x000000000800528c                SD_ReadMultiBlock
 .text.SD_WriteMultiBlock
                0x00000000080052e4       0xc8 Src/Device/SDCard/sd_card.o
                0x00000000080052e4                SD_WriteMultiBlock
 .text.FS_Append
                0x00000000080053ac       0x68 Src/Storage/storage.o
                0x00000000080053ac                FS_Append
 .text.fifo_write_ch
                0x0000000008005414       0x24 Src/System/Mavlink_Usart_Fifo/mavlink_usart_fifo.o
                0x0000000008005414                fifo_write_ch
 .text.asinf    0x0000000008005438       0x9c d:/st/stm32cubeide_1.4.0/stm32cubeide/plugins/com.st.stm32cube.ide.mcu.externaltools.gnu-tools-for-stm32.7-2018-q2-update.win32_1.5.0.202011040924/tools/bin/../lib/gcc/arm-none-eabi/7.3.1/../../../../arm-none-eabi/lib/thumb/v7-m\libm.a(lib_a-wf_asin.o)
                0x0000000008005438                asinf
 .text.__ieee754_asinf
                0x00000000080054d4      0x284 d:/st/stm32cubeide_1.4.0/stm32cubeide/plugins/com.st.stm32cube.ide.mcu.externaltools.gnu-tools-for-stm32.7-2018-q2-update.win32_1.5.0.202011040924/tools/bin/../lib/gcc/arm-none-eabi/7.3.1/../../../../arm-none-eabi/lib/thumb/v7-m\libm.a(lib_a-ef_asin.o)
                0x00000000080054d4                __ieee754_asinf
 .text.__ieee754_sqrtf
                0x0000000008005758       0xa6 d:/st/stm32cubeide_1.4.0/stm32cubeide/plugins/com.st.stm32cube.ide.mcu.externaltools.gnu-tools-for-stm32.7-2018-q2-update.win32_1.5.0.202011040924/tools/bin/../lib/gcc/arm-none-eabi/7.3.1/../../../../arm-none-eabi/lib/thumb/v7-m\libm.a(lib_a-ef_sqrt.o)
                0x0000000008005758                __ieee754_sqrtf
 .text.matherr  0x00000000080057fe        0x4 d:/st/stm32cubeide_1.4.0/stm32cubeide/plugins/com.st.stm32cube.ide.mcu.externaltools.gnu-tools-for-stm32.7-2018-q2-update.win32_1.5.0.202011040924/tools/bin/../lib/gcc/arm-none-eabi/7.3.1/../../../../arm-none-eabi/lib/thumb/v7-m\libm.a(lib_a-s_matherr.o)
                0x00000000080057fe                matherr
 *fill*         0x0000000008005802        0x2 
 .text.nan      0x0000000008005804        0xc d:/st/stm32cubeide_1.4.0/stm32cubeide/plugins/com.st.stm32cube.ide.mcu.externaltools.gnu-tools-for-stm32.7-2018-q2-update.win32_1.5.0.202011040924/tools/bin/../lib/gcc/arm-none-eabi/7.3.1/../../../../arm-none-eabi/lib/thumb/v7-m\libm.a(lib_a-s_nan.o)
                0x0000000008005804                nan
 .text.fabsf    0x0000000008005810        0x6 d:/st/stm32cubeide_1.4.0/stm32cubeide/plugins/com.st.stm32cube.ide.mcu.externaltools.gnu-tools-for-stm32.7-2018-q2-update.win32_1.5.0.202011040924/tools/bin/../lib/gcc/arm-none-eabi/7.3.1/../../../../arm-none-eabi/lib/thumb/v7-m\libm.a(lib_a-sf_fabs.o)
                0x0000000008005810                fabsf
 *fill*         0x0000000008005816        0x2 
 .text.__errno  0x0000000008005818        0xc d:/st/stm32cubeide_1.4.0/stm32cubeide/plugins/com.st.stm32cube.ide.mcu.externaltools.gnu-tools-for-stm32.7-2018-q2-update.win32_1.5.0.202011040924/tools/bin/../lib/gcc/arm-none-eabi/7.3.1/../../../../arm-none-eabi/lib/thumb/v7-m\libc_nano.a(lib_a-errno.o)
                0x0000000008005818                __errno
 .text.__libc_init_array
                0x0000000008005824       0x48 d:/st/stm32cubeide_1.4.0/stm32cubeide/plugins/com.st.stm32cube.ide.mcu.externaltools.gnu-tools-for-stm32.7-2018-q2-update.win32_1.5.0.202011040924/tools/bin/../lib/gcc/arm-none-eabi/7.3.1/../../../../arm-none-eabi/lib/thumb/v7-m\libc_nano.a(lib_a-init.o)
                0x0000000008005824                __libc_init_array
 .text.memcpy   0x000000000800586c       0x16 d:/st/stm32cubeide_1.4.0/stm32cubeide/plugins/com.st.stm32cube.ide.mcu.externaltools.gnu-tools-for-stm32.7-2018-q2-update.win32_1.5.0.202011040924/tools/bin/../lib/gcc/arm-none-eabi/7.3.1/../../../../arm-none-eabi/lib/thumb/v7-m\libc_nano.a(lib_a-memcpy-stub.o)
                0x000000000800586c                memcpy
 .text.memset   0x0000000008005882       0x10 d:/st/stm32cubeide_1.4.0/stm32cubeide/plugins/com.st.stm32cube.ide.mcu.externaltools.gnu-tools-for-stm32.7-2018-q2-update.win32_1.5.0.202011040924/tools/bin/../lib/gcc/arm-none-eabi/7.3.1/../../../../arm-none-eabi/lib/thumb/v7-m\libc_nano.a(lib_a-memset.o)
                0x0000000008005882                memset
 .text.__cvt    0x0000000008005892       0xb8 d:/st/stm32cubeide_1.4.0/stm32cubeide/plugins/com.st.stm32cube.ide.mcu.externaltools.gnu-tools-for-stm32.7-2018-q2-update.win32_1.5.0.202011040924/tools/bin/../lib/gcc/arm-none-eabi/7.3.1/../../../../arm-none-eabi/lib/thumb/v7-m\libc_nano.a(lib_a-nano-vfprintf_float.o)
                0x0000000008005892                __cvt
 .text.__exponent
                0x000000000800594a       0x6a d:/st/stm32cubeide_1.4.0/stm32cubeide/plugins/com.st.stm32cube.ide.mcu.externaltools.gnu-tools-for-stm32.7-2018-q2-update.win32_1.5.0.202011040924/tools/bin/../lib/gcc/arm-none-eabi/7.3.1/../../../../arm-none-eabi/lib/thumb/v7-m\libc_nano.a(lib_a-nano-vfprintf_float.o)
                0x000000000800594a                __exponent
 .text._printf_float
                0x00000000080059b4      0x46c d:/st/stm32cubeide_1.4.0/stm32cubeide/plugins/com.st.stm32cube.ide.mcu.externaltools.gnu-tools-for-stm32.7-2018-q2-update.win32_1.5.0.202011040924/tools/bin/../lib/gcc/arm-none-eabi/7.3.1/../../../../arm-none-eabi/lib/thumb/v7-m\libc_nano.a(lib_a-nano-vfprintf_float.o)
                0x00000000080059b4                _printf_float
 .text._printf_common
                0x0000000008005e20       0xec d:/st/stm32cubeide_1.4.0/stm32cubeide/plugins/com.st.stm32cube.ide.mcu.externaltools.gnu-tools-for-stm32.7-2018-q2-update.win32_1.5.0.202011040924/tools/bin/../lib/gcc/arm-none-eabi/7.3.1/../../../../arm-none-eabi/lib/thumb/v7-m\libc_nano.a(lib_a-nano-vfprintf_i.o)
                0x0000000008005e20                _printf_common
 .text._printf_i
                0x0000000008005f0c      0x224 d:/st/stm32cubeide_1.4.0/stm32cubeide/plugins/com.st.stm32cube.ide.mcu.externaltools.gnu-tools-for-stm32.7-2018-q2-update.win32_1.5.0.202011040924/tools/bin/../lib/gcc/arm-none-eabi/7.3.1/../../../../arm-none-eabi/lib/thumb/v7-m\libc_nano.a(lib_a-nano-vfprintf_i.o)
                0x0000000008005f0c                _printf_i
 .text.printf   0x0000000008006130       0x30 d:/st/stm32cubeide_1.4.0/stm32cubeide/plugins/com.st.stm32cube.ide.mcu.externaltools.gnu-tools-for-stm32.7-2018-q2-update.win32_1.5.0.202011040924/tools/bin/../lib/gcc/arm-none-eabi/7.3.1/../../../../arm-none-eabi/lib/thumb/v7-m\libc_nano.a(lib_a-printf.o)
                0x0000000008006130                iprintf
                0x0000000008006130                printf
 .text._puts_r  0x0000000008006160       0xb8 d:/st/stm32cubeide_1.4.0/stm32cubeide/plugins/com.st.stm32cube.ide.mcu.externaltools.gnu-tools-for-stm32.7-2018-q2-update.win32_1.5.0.202011040924/tools/bin/../lib/gcc/arm-none-eabi/7.3.1/../../../../arm-none-eabi/lib/thumb/v7-m\libc_nano.a(lib_a-puts.o)
                0x0000000008006160                _puts_r
 .text.puts     0x0000000008006218       0x10 d:/st/stm32cubeide_1.4.0/stm32cubeide/plugins/com.st.stm32cube.ide.mcu.externaltools.gnu-tools-for-stm32.7-2018-q2-update.win32_1.5.0.202011040924/tools/bin/../lib/gcc/arm-none-eabi/7.3.1/../../../../arm-none-eabi/lib/thumb/v7-m\libc_nano.a(lib_a-puts.o)
                0x0000000008006218                puts
 .text.sprintf  0x0000000008006228       0x40 d:/st/stm32cubeide_1.4.0/stm32cubeide/plugins/com.st.stm32cube.ide.mcu.externaltools.gnu-tools-for-stm32.7-2018-q2-update.win32_1.5.0.202011040924/tools/bin/../lib/gcc/arm-none-eabi/7.3.1/../../../../arm-none-eabi/lib/thumb/v7-m\libc_nano.a(lib_a-sprintf.o)
                0x0000000008006228                siprintf
                0x0000000008006228                sprintf
 .text.strcat   0x0000000008006268       0x1e d:/st/stm32cubeide_1.4.0/stm32cubeide/plugins/com.st.stm32cube.ide.mcu.externaltools.gnu-tools-for-stm32.7-2018-q2-update.win32_1.5.0.202011040924/tools/bin/../lib/gcc/arm-none-eabi/7.3.1/../../../../arm-none-eabi/lib/thumb/v7-m\libc_nano.a(lib_a-strcat.o)
                0x0000000008006268                strcat
 *fill*         0x0000000008006286        0x2 
 .text.__swbuf_r
                0x0000000008006288       0xa4 d:/st/stm32cubeide_1.4.0/stm32cubeide/plugins/com.st.stm32cube.ide.mcu.externaltools.gnu-tools-for-stm32.7-2018-q2-update.win32_1.5.0.202011040924/tools/bin/../lib/gcc/arm-none-eabi/7.3.1/../../../../arm-none-eabi/lib/thumb/v7-m\libc_nano.a(lib_a-wbuf.o)
                0x0000000008006288                __swbuf_r
 .text.__swsetup_r
                0x000000000800632c       0xdc d:/st/stm32cubeide_1.4.0/stm32cubeide/plugins/com.st.stm32cube.ide.mcu.externaltools.gnu-tools-for-stm32.7-2018-q2-update.win32_1.5.0.202011040924/tools/bin/../lib/gcc/arm-none-eabi/7.3.1/../../../../arm-none-eabi/lib/thumb/v7-m\libc_nano.a(lib_a-wsetup.o)
                0x000000000800632c                __swsetup_r
 .text.quorem   0x0000000008006408      0x11c d:/st/stm32cubeide_1.4.0/stm32cubeide/plugins/com.st.stm32cube.ide.mcu.externaltools.gnu-tools-for-stm32.7-2018-q2-update.win32_1.5.0.202011040924/tools/bin/../lib/gcc/arm-none-eabi/7.3.1/../../../../arm-none-eabi/lib/thumb/v7-m\libc_nano.a(lib_a-dtoa.o)
 *fill*         0x0000000008006524        0x4 
 .text._dtoa_r  0x0000000008006528      0xb68 d:/st/stm32cubeide_1.4.0/stm32cubeide/plugins/com.st.stm32cube.ide.mcu.externaltools.gnu-tools-for-stm32.7-2018-q2-update.win32_1.5.0.202011040924/tools/bin/../lib/gcc/arm-none-eabi/7.3.1/../../../../arm-none-eabi/lib/thumb/v7-m\libc_nano.a(lib_a-dtoa.o)
                0x0000000008006528                _dtoa_r
 .text.__sflush_r
                0x0000000008007090      0x10c d:/st/stm32cubeide_1.4.0/stm32cubeide/plugins/com.st.stm32cube.ide.mcu.externaltools.gnu-tools-for-stm32.7-2018-q2-update.win32_1.5.0.202011040924/tools/bin/../lib/gcc/arm-none-eabi/7.3.1/../../../../arm-none-eabi/lib/thumb/v7-m\libc_nano.a(lib_a-fflush.o)
                0x0000000008007090                __sflush_r
 .text._fflush_r
                0x000000000800719c       0x54 d:/st/stm32cubeide_1.4.0/stm32cubeide/plugins/com.st.stm32cube.ide.mcu.externaltools.gnu-tools-for-stm32.7-2018-q2-update.win32_1.5.0.202011040924/tools/bin/../lib/gcc/arm-none-eabi/7.3.1/../../../../arm-none-eabi/lib/thumb/v7-m\libc_nano.a(lib_a-fflush.o)
                0x000000000800719c                _fflush_r
 .text.std      0x00000000080071f0       0x48 d:/st/stm32cubeide_1.4.0/stm32cubeide/plugins/com.st.stm32cube.ide.mcu.externaltools.gnu-tools-for-stm32.7-2018-q2-update.win32_1.5.0.202011040924/tools/bin/../lib/gcc/arm-none-eabi/7.3.1/../../../../arm-none-eabi/lib/thumb/v7-m\libc_nano.a(lib_a-findfp.o)
 .text._cleanup_r
                0x0000000008007238        0xc d:/st/stm32cubeide_1.4.0/stm32cubeide/plugins/com.st.stm32cube.ide.mcu.externaltools.gnu-tools-for-stm32.7-2018-q2-update.win32_1.5.0.202011040924/tools/bin/../lib/gcc/arm-none-eabi/7.3.1/../../../../arm-none-eabi/lib/thumb/v7-m\libc_nano.a(lib_a-findfp.o)
                0x0000000008007238                _cleanup_r
 .text.__sfmoreglue
                0x0000000008007244       0x2c d:/st/stm32cubeide_1.4.0/stm32cubeide/plugins/com.st.stm32cube.ide.mcu.externaltools.gnu-tools-for-stm32.7-2018-q2-update.win32_1.5.0.202011040924/tools/bin/../lib/gcc/arm-none-eabi/7.3.1/../../../../arm-none-eabi/lib/thumb/v7-m\libc_nano.a(lib_a-findfp.o)
                0x0000000008007244                __sfmoreglue
 .text.__sinit  0x0000000008007270       0x60 d:/st/stm32cubeide_1.4.0/stm32cubeide/plugins/com.st.stm32cube.ide.mcu.externaltools.gnu-tools-for-stm32.7-2018-q2-update.win32_1.5.0.202011040924/tools/bin/../lib/gcc/arm-none-eabi/7.3.1/../../../../arm-none-eabi/lib/thumb/v7-m\libc_nano.a(lib_a-findfp.o)
                0x0000000008007270                __sinit
 .text.__sfp    0x00000000080072d0       0x78 d:/st/stm32cubeide_1.4.0/stm32cubeide/plugins/com.st.stm32cube.ide.mcu.externaltools.gnu-tools-for-stm32.7-2018-q2-update.win32_1.5.0.202011040924/tools/bin/../lib/gcc/arm-none-eabi/7.3.1/../../../../arm-none-eabi/lib/thumb/v7-m\libc_nano.a(lib_a-findfp.o)
                0x00000000080072d0                __sfp
 .text._fwalk_reent
                0x0000000008007348       0x3c d:/st/stm32cubeide_1.4.0/stm32cubeide/plugins/com.st.stm32cube.ide.mcu.externaltools.gnu-tools-for-stm32.7-2018-q2-update.win32_1.5.0.202011040924/tools/bin/../lib/gcc/arm-none-eabi/7.3.1/../../../../arm-none-eabi/lib/thumb/v7-m\libc_nano.a(lib_a-fwalk.o)
                0x0000000008007348                _fwalk_reent
 .text._localeconv_r
                0x0000000008007384       0x1c d:/st/stm32cubeide_1.4.0/stm32cubeide/plugins/com.st.stm32cube.ide.mcu.externaltools.gnu-tools-for-stm32.7-2018-q2-update.win32_1.5.0.202011040924/tools/bin/../lib/gcc/arm-none-eabi/7.3.1/../../../../arm-none-eabi/lib/thumb/v7-m\libc_nano.a(lib_a-localeconv.o)
                0x0000000008007384                _localeconv_r
 .text.__swhatbuf_r
                0x00000000080073a0       0x48 d:/st/stm32cubeide_1.4.0/stm32cubeide/plugins/com.st.stm32cube.ide.mcu.externaltools.gnu-tools-for-stm32.7-2018-q2-update.win32_1.5.0.202011040924/tools/bin/../lib/gcc/arm-none-eabi/7.3.1/../../../../arm-none-eabi/lib/thumb/v7-m\libc_nano.a(lib_a-makebuf.o)
                0x00000000080073a0                __swhatbuf_r
 .text.__smakebuf_r
                0x00000000080073e8       0x80 d:/st/stm32cubeide_1.4.0/stm32cubeide/plugins/com.st.stm32cube.ide.mcu.externaltools.gnu-tools-for-stm32.7-2018-q2-update.win32_1.5.0.202011040924/tools/bin/../lib/gcc/arm-none-eabi/7.3.1/../../../../arm-none-eabi/lib/thumb/v7-m\libc_nano.a(lib_a-makebuf.o)
                0x00000000080073e8                __smakebuf_r
 .text.malloc   0x0000000008007468       0x10 d:/st/stm32cubeide_1.4.0/stm32cubeide/plugins/com.st.stm32cube.ide.mcu.externaltools.gnu-tools-for-stm32.7-2018-q2-update.win32_1.5.0.202011040924/tools/bin/../lib/gcc/arm-none-eabi/7.3.1/../../../../arm-none-eabi/lib/thumb/v7-m\libc_nano.a(lib_a-malloc.o)
                0x0000000008007468                malloc
 .text.memchr   0x0000000008007478       0x1c d:/st/stm32cubeide_1.4.0/stm32cubeide/plugins/com.st.stm32cube.ide.mcu.externaltools.gnu-tools-for-stm32.7-2018-q2-update.win32_1.5.0.202011040924/tools/bin/../lib/gcc/arm-none-eabi/7.3.1/../../../../arm-none-eabi/lib/thumb/v7-m\libc_nano.a(lib_a-memchr-stub.o)
                0x0000000008007478                memchr
 .text._Balloc  0x0000000008007494       0x68 d:/st/stm32cubeide_1.4.0/stm32cubeide/plugins/com.st.stm32cube.ide.mcu.externaltools.gnu-tools-for-stm32.7-2018-q2-update.win32_1.5.0.202011040924/tools/bin/../lib/gcc/arm-none-eabi/7.3.1/../../../../arm-none-eabi/lib/thumb/v7-m\libc_nano.a(lib_a-mprec.o)
                0x0000000008007494                _Balloc
 .text._Bfree   0x00000000080074fc       0x2e d:/st/stm32cubeide_1.4.0/stm32cubeide/plugins/com.st.stm32cube.ide.mcu.externaltools.gnu-tools-for-stm32.7-2018-q2-update.win32_1.5.0.202011040924/tools/bin/../lib/gcc/arm-none-eabi/7.3.1/../../../../arm-none-eabi/lib/thumb/v7-m\libc_nano.a(lib_a-mprec.o)
                0x00000000080074fc                _Bfree
 .text.__multadd
                0x000000000800752a       0x76 d:/st/stm32cubeide_1.4.0/stm32cubeide/plugins/com.st.stm32cube.ide.mcu.externaltools.gnu-tools-for-stm32.7-2018-q2-update.win32_1.5.0.202011040924/tools/bin/../lib/gcc/arm-none-eabi/7.3.1/../../../../arm-none-eabi/lib/thumb/v7-m\libc_nano.a(lib_a-mprec.o)
                0x000000000800752a                __multadd
 .text.__hi0bits
                0x00000000080075a0       0x3e d:/st/stm32cubeide_1.4.0/stm32cubeide/plugins/com.st.stm32cube.ide.mcu.externaltools.gnu-tools-for-stm32.7-2018-q2-update.win32_1.5.0.202011040924/tools/bin/../lib/gcc/arm-none-eabi/7.3.1/../../../../arm-none-eabi/lib/thumb/v7-m\libc_nano.a(lib_a-mprec.o)
                0x00000000080075a0                __hi0bits
 .text.__lo0bits
                0x00000000080075de       0x5e d:/st/stm32cubeide_1.4.0/stm32cubeide/plugins/com.st.stm32cube.ide.mcu.externaltools.gnu-tools-for-stm32.7-2018-q2-update.win32_1.5.0.202011040924/tools/bin/../lib/gcc/arm-none-eabi/7.3.1/../../../../arm-none-eabi/lib/thumb/v7-m\libc_nano.a(lib_a-mprec.o)
                0x00000000080075de                __lo0bits
 .text.__i2b    0x000000000800763c       0x12 d:/st/stm32cubeide_1.4.0/stm32cubeide/plugins/com.st.stm32cube.ide.mcu.externaltools.gnu-tools-for-stm32.7-2018-q2-update.win32_1.5.0.202011040924/tools/bin/../lib/gcc/arm-none-eabi/7.3.1/../../../../arm-none-eabi/lib/thumb/v7-m\libc_nano.a(lib_a-mprec.o)
                0x000000000800763c                __i2b
 .text.__multiply
                0x000000000800764e      0x12a d:/st/stm32cubeide_1.4.0/stm32cubeide/plugins/com.st.stm32cube.ide.mcu.externaltools.gnu-tools-for-stm32.7-2018-q2-update.win32_1.5.0.202011040924/tools/bin/../lib/gcc/arm-none-eabi/7.3.1/../../../../arm-none-eabi/lib/thumb/v7-m\libc_nano.a(lib_a-mprec.o)
                0x000000000800764e                __multiply
 .text.__pow5mult
                0x0000000008007778       0x9c d:/st/stm32cubeide_1.4.0/stm32cubeide/plugins/com.st.stm32cube.ide.mcu.externaltools.gnu-tools-for-stm32.7-2018-q2-update.win32_1.5.0.202011040924/tools/bin/../lib/gcc/arm-none-eabi/7.3.1/../../../../arm-none-eabi/lib/thumb/v7-m\libc_nano.a(lib_a-mprec.o)
                0x0000000008007778                __pow5mult
 .text.__lshift
                0x0000000008007814       0xa8 d:/st/stm32cubeide_1.4.0/stm32cubeide/plugins/com.st.stm32cube.ide.mcu.externaltools.gnu-tools-for-stm32.7-2018-q2-update.win32_1.5.0.202011040924/tools/bin/../lib/gcc/arm-none-eabi/7.3.1/../../../../arm-none-eabi/lib/thumb/v7-m\libc_nano.a(lib_a-mprec.o)
                0x0000000008007814                __lshift
 .text.__mcmp   0x00000000080078bc       0x34 d:/st/stm32cubeide_1.4.0/stm32cubeide/plugins/com.st.stm32cube.ide.mcu.externaltools.gnu-tools-for-stm32.7-2018-q2-update.win32_1.5.0.202011040924/tools/bin/../lib/gcc/arm-none-eabi/7.3.1/../../../../arm-none-eabi/lib/thumb/v7-m\libc_nano.a(lib_a-mprec.o)
                0x00000000080078bc                __mcmp
 .text.__mdiff  0x00000000080078f0       0xbc d:/st/stm32cubeide_1.4.0/stm32cubeide/plugins/com.st.stm32cube.ide.mcu.externaltools.gnu-tools-for-stm32.7-2018-q2-update.win32_1.5.0.202011040924/tools/bin/../lib/gcc/arm-none-eabi/7.3.1/../../../../arm-none-eabi/lib/thumb/v7-m\libc_nano.a(lib_a-mprec.o)
                0x00000000080078f0                __mdiff
 .text.__d2b    0x00000000080079ac       0x9e d:/st/stm32cubeide_1.4.0/stm32cubeide/plugins/com.st.stm32cube.ide.mcu.externaltools.gnu-tools-for-stm32.7-2018-q2-update.win32_1.5.0.202011040924/tools/bin/../lib/gcc/arm-none-eabi/7.3.1/../../../../arm-none-eabi/lib/thumb/v7-m\libc_nano.a(lib_a-mprec.o)
                0x00000000080079ac                __d2b
 .text._calloc_r
                0x0000000008007a4a       0x1c d:/st/stm32cubeide_1.4.0/stm32cubeide/plugins/com.st.stm32cube.ide.mcu.externaltools.gnu-tools-for-stm32.7-2018-q2-update.win32_1.5.0.202011040924/tools/bin/../lib/gcc/arm-none-eabi/7.3.1/../../../../arm-none-eabi/lib/thumb/v7-m\libc_nano.a(lib_a-nano-callocr.o)
                0x0000000008007a4a                _calloc_r
 *fill*         0x0000000008007a66        0x2 
 .text._free_r  0x0000000008007a68       0x98 d:/st/stm32cubeide_1.4.0/stm32cubeide/plugins/com.st.stm32cube.ide.mcu.externaltools.gnu-tools-for-stm32.7-2018-q2-update.win32_1.5.0.202011040924/tools/bin/../lib/gcc/arm-none-eabi/7.3.1/../../../../arm-none-eabi/lib/thumb/v7-m\libc_nano.a(lib_a-nano-freer.o)
                0x0000000008007a68                _free_r
 .text._malloc_r
                0x0000000008007b00       0xb4 d:/st/stm32cubeide_1.4.0/stm32cubeide/plugins/com.st.stm32cube.ide.mcu.externaltools.gnu-tools-for-stm32.7-2018-q2-update.win32_1.5.0.202011040924/tools/bin/../lib/gcc/arm-none-eabi/7.3.1/../../../../arm-none-eabi/lib/thumb/v7-m\libc_nano.a(lib_a-nano-mallocr.o)
                0x0000000008007b00                _malloc_r
 .text.__ssputs_r
                0x0000000008007bb4       0xb4 d:/st/stm32cubeide_1.4.0/stm32cubeide/plugins/com.st.stm32cube.ide.mcu.externaltools.gnu-tools-for-stm32.7-2018-q2-update.win32_1.5.0.202011040924/tools/bin/../lib/gcc/arm-none-eabi/7.3.1/../../../../arm-none-eabi/lib/thumb/v7-m\libc_nano.a(lib_a-nano-svfprintf.o)
                0x0000000008007bb4                __ssputs_r
 .text._svfprintf_r
                0x0000000008007c68      0x1f0 d:/st/stm32cubeide_1.4.0/stm32cubeide/plugins/com.st.stm32cube.ide.mcu.externaltools.gnu-tools-for-stm32.7-2018-q2-update.win32_1.5.0.202011040924/tools/bin/../lib/gcc/arm-none-eabi/7.3.1/../../../../arm-none-eabi/lib/thumb/v7-m\libc_nano.a(lib_a-nano-svfprintf.o)
                0x0000000008007c68                _svfiprintf_r
                0x0000000008007c68                _svfprintf_r
 .text.__sfputc_r
                0x0000000008007e58       0x2a d:/st/stm32cubeide_1.4.0/stm32cubeide/plugins/com.st.stm32cube.ide.mcu.externaltools.gnu-tools-for-stm32.7-2018-q2-update.win32_1.5.0.202011040924/tools/bin/../lib/gcc/arm-none-eabi/7.3.1/../../../../arm-none-eabi/lib/thumb/v7-m\libc_nano.a(lib_a-nano-vfprintf.o)
 .text.__sfputs_r
                0x0000000008007e82       0x24 d:/st/stm32cubeide_1.4.0/stm32cubeide/plugins/com.st.stm32cube.ide.mcu.externaltools.gnu-tools-for-stm32.7-2018-q2-update.win32_1.5.0.202011040924/tools/bin/../lib/gcc/arm-none-eabi/7.3.1/../../../../arm-none-eabi/lib/thumb/v7-m\libc_nano.a(lib_a-nano-vfprintf.o)
                0x0000000008007e82                __sfputs_r
 *fill*         0x0000000008007ea6        0x2 
 .text._vfprintf_r
                0x0000000008007ea8      0x22c d:/st/stm32cubeide_1.4.0/stm32cubeide/plugins/com.st.stm32cube.ide.mcu.externaltools.gnu-tools-for-stm32.7-2018-q2-update.win32_1.5.0.202011040924/tools/bin/../lib/gcc/arm-none-eabi/7.3.1/../../../../arm-none-eabi/lib/thumb/v7-m\libc_nano.a(lib_a-nano-vfprintf.o)
                0x0000000008007ea8                _vfprintf_r
                0x0000000008007ea8                _vfiprintf_r
 .text._sbrk_r  0x00000000080080d4       0x20 d:/st/stm32cubeide_1.4.0/stm32cubeide/plugins/com.st.stm32cube.ide.mcu.externaltools.gnu-tools-for-stm32.7-2018-q2-update.win32_1.5.0.202011040924/tools/bin/../lib/gcc/arm-none-eabi/7.3.1/../../../../arm-none-eabi/lib/thumb/v7-m\libc_nano.a(lib_a-sbrkr.o)
                0x00000000080080d4                _sbrk_r
 .text.__sread  0x00000000080080f4       0x22 d:/st/stm32cubeide_1.4.0/stm32cubeide/plugins/com.st.stm32cube.ide.mcu.externaltools.gnu-tools-for-stm32.7-2018-q2-update.win32_1.5.0.202011040924/tools/bin/../lib/gcc/arm-none-eabi/7.3.1/../../../../arm-none-eabi/lib/thumb/v7-m\libc_nano.a(lib_a-stdio.o)
                0x00000000080080f4                __sread
 .text.__swrite
                0x0000000008008116       0x38 d:/st/stm32cubeide_1.4.0/stm32cubeide/plugins/com.st.stm32cube.ide.mcu.externaltools.gnu-tools-for-stm32.7-2018-q2-update.win32_1.5.0.202011040924/tools/bin/../lib/gcc/arm-none-eabi/7.3.1/../../../../arm-none-eabi/lib/thumb/v7-m\libc_nano.a(lib_a-stdio.o)
                0x0000000008008116                __swrite
 .text.__sseek  0x000000000800814e       0x24 d:/st/stm32cubeide_1.4.0/stm32cubeide/plugins/com.st.stm32cube.ide.mcu.externaltools.gnu-tools-for-stm32.7-2018-q2-update.win32_1.5.0.202011040924/tools/bin/../lib/gcc/arm-none-eabi/7.3.1/../../../../arm-none-eabi/lib/thumb/v7-m\libc_nano.a(lib_a-stdio.o)
                0x000000000800814e                __sseek
 .text.__sclose
                0x0000000008008172        0x8 d:/st/stm32cubeide_1.4.0/stm32cubeide/plugins/com.st.stm32cube.ide.mcu.externaltools.gnu-tools-for-stm32.7-2018-q2-update.win32_1.5.0.202011040924/tools/bin/../lib/gcc/arm-none-eabi/7.3.1/../../../../arm-none-eabi/lib/thumb/v7-m\libc_nano.a(lib_a-stdio.o)
                0x0000000008008172                __sclose
 *fill*         0x000000000800817a        0x2 
 .text._write_r
                0x000000000800817c       0x24 d:/st/stm32cubeide_1.4.0/stm32cubeide/plugins/com.st.stm32cube.ide.mcu.externaltools.gnu-tools-for-stm32.7-2018-q2-update.win32_1.5.0.202011040924/tools/bin/../lib/gcc/arm-none-eabi/7.3.1/../../../../arm-none-eabi/lib/thumb/v7-m\libc_nano.a(lib_a-writer.o)
                0x000000000800817c                _write_r
 .text._close_r
                0x00000000080081a0       0x20 d:/st/stm32cubeide_1.4.0/stm32cubeide/plugins/com.st.stm32cube.ide.mcu.externaltools.gnu-tools-for-stm32.7-2018-q2-update.win32_1.5.0.202011040924/tools/bin/../lib/gcc/arm-none-eabi/7.3.1/../../../../arm-none-eabi/lib/thumb/v7-m\libc_nano.a(lib_a-closer.o)
                0x00000000080081a0                _close_r
 .text._fstat_r
                0x00000000080081c0       0x24 d:/st/stm32cubeide_1.4.0/stm32cubeide/plugins/com.st.stm32cube.ide.mcu.externaltools.gnu-tools-for-stm32.7-2018-q2-update.win32_1.5.0.202011040924/tools/bin/../lib/gcc/arm-none-eabi/7.3.1/../../../../arm-none-eabi/lib/thumb/v7-m\libc_nano.a(lib_a-fstatr.o)
                0x00000000080081c0                _fstat_r
 .text._isatty_r
                0x00000000080081e4       0x20 d:/st/stm32cubeide_1.4.0/stm32cubeide/plugins/com.st.stm32cube.ide.mcu.externaltools.gnu-tools-for-stm32.7-2018-q2-update.win32_1.5.0.202011040924/tools/bin/../lib/gcc/arm-none-eabi/7.3.1/../../../../arm-none-eabi/lib/thumb/v7-m\libc_nano.a(lib_a-isattyr.o)
                0x00000000080081e4                _isatty_r
 .text._lseek_r
                0x0000000008008204       0x24 d:/st/stm32cubeide_1.4.0/stm32cubeide/plugins/com.st.stm32cube.ide.mcu.externaltools.gnu-tools-for-stm32.7-2018-q2-update.win32_1.5.0.202011040924/tools/bin/../lib/gcc/arm-none-eabi/7.3.1/../../../../arm-none-eabi/lib/thumb/v7-m\libc_nano.a(lib_a-lseekr.o)
                0x0000000008008204                _lseek_r
 .text.__ascii_mbtowc
                0x0000000008008228       0x24 d:/st/stm32cubeide_1.4.0/stm32cubeide/plugins/com.st.stm32cube.ide.mcu.externaltools.gnu-tools-for-stm32.7-2018-q2-update.win32_1.5.0.202011040924/tools/bin/../lib/gcc/arm-none-eabi/7.3.1/../../../../arm-none-eabi/lib/thumb/v7-m\libc_nano.a(lib_a-mbtowc_r.o)
                0x0000000008008228                __ascii_mbtowc
 .text.memmove  0x000000000800824c       0x32 d:/st/stm32cubeide_1.4.0/stm32cubeide/plugins/com.st.stm32cube.ide.mcu.externaltools.gnu-tools-for-stm32.7-2018-q2-update.win32_1.5.0.202011040924/tools/bin/../lib/gcc/arm-none-eabi/7.3.1/../../../../arm-none-eabi/lib/thumb/v7-m\libc_nano.a(lib_a-memmove.o)
                0x000000000800824c                memmove
 .text.__malloc_lock
                0x000000000800827e        0x2 d:/st/stm32cubeide_1.4.0/stm32cubeide/plugins/com.st.stm32cube.ide.mcu.externaltools.gnu-tools-for-stm32.7-2018-q2-update.win32_1.5.0.202011040924/tools/bin/../lib/gcc/arm-none-eabi/7.3.1/../../../../arm-none-eabi/lib/thumb/v7-m\libc_nano.a(lib_a-mlock.o)
                0x000000000800827e                __malloc_lock
 .text.__malloc_unlock
                0x0000000008008280        0x2 d:/st/stm32cubeide_1.4.0/stm32cubeide/plugins/com.st.stm32cube.ide.mcu.externaltools.gnu-tools-for-stm32.7-2018-q2-update.win32_1.5.0.202011040924/tools/bin/../lib/gcc/arm-none-eabi/7.3.1/../../../../arm-none-eabi/lib/thumb/v7-m\libc_nano.a(lib_a-mlock.o)
                0x0000000008008280                __malloc_unlock
 .text._realloc_r
                0x0000000008008282       0x4c d:/st/stm32cubeide_1.4.0/stm32cubeide/plugins/com.st.stm32cube.ide.mcu.externaltools.gnu-tools-for-stm32.7-2018-q2-update.win32_1.5.0.202011040924/tools/bin/../lib/gcc/arm-none-eabi/7.3.1/../../../../arm-none-eabi/lib/thumb/v7-m\libc_nano.a(lib_a-nano-reallocr.o)
                0x0000000008008282                _realloc_r
 *fill*         0x00000000080082ce        0x2 
 .text._read_r  0x00000000080082d0       0x24 d:/st/stm32cubeide_1.4.0/stm32cubeide/plugins/com.st.stm32cube.ide.mcu.externaltools.gnu-tools-for-stm32.7-2018-q2-update.win32_1.5.0.202011040924/tools/bin/../lib/gcc/arm-none-eabi/7.3.1/../../../../arm-none-eabi/lib/thumb/v7-m\libc_nano.a(lib_a-readr.o)
                0x00000000080082d0                _read_r
 .text.__ascii_wctomb
                0x00000000080082f4       0x1a d:/st/stm32cubeide_1.4.0/stm32cubeide/plugins/com.st.stm32cube.ide.mcu.externaltools.gnu-tools-for-stm32.7-2018-q2-update.win32_1.5.0.202011040924/tools/bin/../lib/gcc/arm-none-eabi/7.3.1/../../../../arm-none-eabi/lib/thumb/v7-m\libc_nano.a(lib_a-wctomb_r.o)
                0x00000000080082f4                __ascii_wctomb
 .text._malloc_usable_size_r
                0x000000000800830e       0x10 d:/st/stm32cubeide_1.4.0/stm32cubeide/plugins/com.st.stm32cube.ide.mcu.externaltools.gnu-tools-for-stm32.7-2018-q2-update.win32_1.5.0.202011040924/tools/bin/../lib/gcc/arm-none-eabi/7.3.1/../../../../arm-none-eabi/lib/thumb/v7-m\libc_nano.a(lib_a-nano-msizer.o)
                0x000000000800830e                _malloc_usable_size_r
 *(.glue_7)
 .glue_7        0x000000000800831e        0x0 linker stubs
 *(.glue_7t)
 .glue_7t       0x000000000800831e        0x0 linker stubs
 *(.eh_frame)
 *fill*         0x000000000800831e        0x2 
 .eh_frame      0x0000000008008320        0x0 d:/st/stm32cubeide_1.4.0/stm32cubeide/plugins/com.st.stm32cube.ide.mcu.externaltools.gnu-tools-for-stm32.7-2018-q2-update.win32_1.5.0.202011040924/tools/bin/../lib/gcc/arm-none-eabi/7.3.1/thumb/v7-m/crtbegin.o
 *(.init)
 .init          0x0000000008008320        0x4 d:/st/stm32cubeide_1.4.0/stm32cubeide/plugins/com.st.stm32cube.ide.mcu.externaltools.gnu-tools-for-stm32.7-2018-q2-update.win32_1.5.0.202011040924/tools/bin/../lib/gcc/arm-none-eabi/7.3.1/thumb/v7-m/crti.o
                0x0000000008008320                _init
 .init          0x0000000008008324        0x8 d:/st/stm32cubeide_1.4.0/stm32cubeide/plugins/com.st.stm32cube.ide.mcu.externaltools.gnu-tools-for-stm32.7-2018-q2-update.win32_1.5.0.202011040924/tools/bin/../lib/gcc/arm-none-eabi/7.3.1/thumb/v7-m/crtn.o
 *(.fini)
 .fini          0x000000000800832c        0x4 d:/st/stm32cubeide_1.4.0/stm32cubeide/plugins/com.st.stm32cube.ide.mcu.externaltools.gnu-tools-for-stm32.7-2018-q2-update.win32_1.5.0.202011040924/tools/bin/../lib/gcc/arm-none-eabi/7.3.1/thumb/v7-m/crti.o
                0x000000000800832c                _fini
 .fini          0x0000000008008330        0x8 d:/st/stm32cubeide_1.4.0/stm32cubeide/plugins/com.st.stm32cube.ide.mcu.externaltools.gnu-tools-for-stm32.7-2018-q2-update.win32_1.5.0.202011040924/tools/bin/../lib/gcc/arm-none-eabi/7.3.1/thumb/v7-m/crtn.o
                0x0000000008008338                . = ALIGN (0x4)
                0x0000000008008338                _etext = .

.vfp11_veneer   0x0000000008008338        0x0
 .vfp11_veneer  0x0000000008008338        0x0 linker stubs

.v4_bx          0x0000000008008338        0x0
 .v4_bx         0x0000000008008338        0x0 linker stubs

.iplt           0x0000000008008338        0x0
 .iplt          0x0000000008008338        0x0 d:/st/stm32cubeide_1.4.0/stm32cubeide/plugins/com.st.stm32cube.ide.mcu.externaltools.gnu-tools-for-stm32.7-2018-q2-update.win32_1.5.0.202011040924/tools/bin/../lib/gcc/arm-none-eabi/7.3.1/thumb/v7-m/crtbegin.o

.rodata         0x0000000008008338      0x498
                0x0000000008008338                . = ALIGN (0x4)
 *(.rodata)
 .rodata        0x0000000008008338       0x10 Drivers/STM32F1xx_HAL_Driver/Src/stm32f1xx_hal_rcc.o
 *(.rodata*)
 .rodata.main.str1.1
                0x0000000008008348        0x6 Core/Src/main.o
 .rodata.AHBPrescTable
                0x000000000800834e       0x10 Core/Src/system_stm32f1xx.o
                0x000000000800834e                AHBPrescTable
 .rodata.APBPrescTable
                0x000000000800835e        0x8 Core/Src/system_stm32f1xx.o
                0x000000000800835e                APBPrescTable
 .rodata.ExCvt  0x0000000008008366       0x80 Middlewares/Third_Party/FatFs/src/ff.o
 .rodata.follow_path.str1.1
                0x00000000080083e6        0xf Middlewares/Third_Party/FatFs/src/ff.o
 .rodata.Measure_Update.str1.1
                0x00000000080083f5        0x7 Src/Device/Measure/measure.o
 .rodata.str1.1
                0x00000000080083fc       0x30 Src/Device/Measure/measure.o
 .rodata.SD_Init.str1.1
                0x000000000800842c       0x98 Src/Device/SDCard/sd_card.o
 .rodata.FS_Append.str1.1
                0x00000000080084c4       0x48 Src/Storage/storage.o
 .rodata.asinf.str1.1
                0x000000000800850c        0x6 d:/st/stm32cubeide_1.4.0/stm32cubeide/plugins/com.st.stm32cube.ide.mcu.externaltools.gnu-tools-for-stm32.7-2018-q2-update.win32_1.5.0.202011040924/tools/bin/../lib/gcc/arm-none-eabi/7.3.1/../../../../arm-none-eabi/lib/thumb/v7-m\libm.a(lib_a-wf_asin.o)
                                          0x7 (size before relaxing)
 *fill*         0x0000000008008512        0x2 
 .rodata._global_impure_ptr
                0x0000000008008514        0x4 d:/st/stm32cubeide_1.4.0/stm32cubeide/plugins/com.st.stm32cube.ide.mcu.externaltools.gnu-tools-for-stm32.7-2018-q2-update.win32_1.5.0.202011040924/tools/bin/../lib/gcc/arm-none-eabi/7.3.1/../../../../arm-none-eabi/lib/thumb/v7-m\libc_nano.a(lib_a-impure.o)
                0x0000000008008514                _global_impure_ptr
 .rodata._printf_float.str1.1
                0x0000000008008518        0xe d:/st/stm32cubeide_1.4.0/stm32cubeide/plugins/com.st.stm32cube.ide.mcu.externaltools.gnu-tools-for-stm32.7-2018-q2-update.win32_1.5.0.202011040924/tools/bin/../lib/gcc/arm-none-eabi/7.3.1/../../../../arm-none-eabi/lib/thumb/v7-m\libc_nano.a(lib_a-nano-vfprintf_float.o)
                                         0x12 (size before relaxing)
 .rodata._printf_i.str1.1
                0x0000000008008526       0x22 d:/st/stm32cubeide_1.4.0/stm32cubeide/plugins/com.st.stm32cube.ide.mcu.externaltools.gnu-tools-for-stm32.7-2018-q2-update.win32_1.5.0.202011040924/tools/bin/../lib/gcc/arm-none-eabi/7.3.1/../../../../arm-none-eabi/lib/thumb/v7-m\libc_nano.a(lib_a-nano-vfprintf_i.o)
 .rodata._dtoa_r.str1.1
                0x0000000008008548        0xd d:/st/stm32cubeide_1.4.0/stm32cubeide/plugins/com.st.stm32cube.ide.mcu.externaltools.gnu-tools-for-stm32.7-2018-q2-update.win32_1.5.0.202011040924/tools/bin/../lib/gcc/arm-none-eabi/7.3.1/../../../../arm-none-eabi/lib/thumb/v7-m\libc_nano.a(lib_a-dtoa.o)
                                          0xf (size before relaxing)
 *fill*         0x0000000008008555        0x3 
 .rodata.__sf_fake_stderr
                0x0000000008008558       0x20 d:/st/stm32cubeide_1.4.0/stm32cubeide/plugins/com.st.stm32cube.ide.mcu.externaltools.gnu-tools-for-stm32.7-2018-q2-update.win32_1.5.0.202011040924/tools/bin/../lib/gcc/arm-none-eabi/7.3.1/../../../../arm-none-eabi/lib/thumb/v7-m\libc_nano.a(lib_a-findfp.o)
                0x0000000008008558                __sf_fake_stderr
 .rodata.__sf_fake_stdin
                0x0000000008008578       0x20 d:/st/stm32cubeide_1.4.0/stm32cubeide/plugins/com.st.stm32cube.ide.mcu.externaltools.gnu-tools-for-stm32.7-2018-q2-update.win32_1.5.0.202011040924/tools/bin/../lib/gcc/arm-none-eabi/7.3.1/../../../../arm-none-eabi/lib/thumb/v7-m\libc_nano.a(lib_a-findfp.o)
                0x0000000008008578                __sf_fake_stdin
 .rodata.__sf_fake_stdout
                0x0000000008008598       0x20 d:/st/stm32cubeide_1.4.0/stm32cubeide/plugins/com.st.stm32cube.ide.mcu.externaltools.gnu-tools-for-stm32.7-2018-q2-update.win32_1.5.0.202011040924/tools/bin/../lib/gcc/arm-none-eabi/7.3.1/../../../../arm-none-eabi/lib/thumb/v7-m\libc_nano.a(lib_a-findfp.o)
                0x0000000008008598                __sf_fake_stdout
 .rodata.__mprec_bigtens
                0x00000000080085b8       0x28 d:/st/stm32cubeide_1.4.0/stm32cubeide/plugins/com.st.stm32cube.ide.mcu.externaltools.gnu-tools-for-stm32.7-2018-q2-update.win32_1.5.0.202011040924/tools/bin/../lib/gcc/arm-none-eabi/7.3.1/../../../../arm-none-eabi/lib/thumb/v7-m\libc_nano.a(lib_a-mprec.o)
                0x00000000080085b8                __mprec_bigtens
 .rodata.__mprec_tens
                0x00000000080085e0       0xc8 d:/st/stm32cubeide_1.4.0/stm32cubeide/plugins/com.st.stm32cube.ide.mcu.externaltools.gnu-tools-for-stm32.7-2018-q2-update.win32_1.5.0.202011040924/tools/bin/../lib/gcc/arm-none-eabi/7.3.1/../../../../arm-none-eabi/lib/thumb/v7-m\libc_nano.a(lib_a-mprec.o)
                0x00000000080085e0                __mprec_tens
 .rodata.p05.6084
                0x00000000080086a8        0xc d:/st/stm32cubeide_1.4.0/stm32cubeide/plugins/com.st.stm32cube.ide.mcu.externaltools.gnu-tools-for-stm32.7-2018-q2-update.win32_1.5.0.202011040924/tools/bin/../lib/gcc/arm-none-eabi/7.3.1/../../../../arm-none-eabi/lib/thumb/v7-m\libc_nano.a(lib_a-mprec.o)
 .rodata._svfprintf_r.str1.1
                0x00000000080086b4       0x11 d:/st/stm32cubeide_1.4.0/stm32cubeide/plugins/com.st.stm32cube.ide.mcu.externaltools.gnu-tools-for-stm32.7-2018-q2-update.win32_1.5.0.202011040924/tools/bin/../lib/gcc/arm-none-eabi/7.3.1/../../../../arm-none-eabi/lib/thumb/v7-m\libc_nano.a(lib_a-nano-svfprintf.o)
 .rodata._vfprintf_r.str1.1
                0x00000000080086c5       0x11 d:/st/stm32cubeide_1.4.0/stm32cubeide/plugins/com.st.stm32cube.ide.mcu.externaltools.gnu-tools-for-stm32.7-2018-q2-update.win32_1.5.0.202011040924/tools/bin/../lib/gcc/arm-none-eabi/7.3.1/../../../../arm-none-eabi/lib/thumb/v7-m\libc_nano.a(lib_a-nano-vfprintf.o)
 .rodata._setlocale_r.str1.1
                0x00000000080086c5        0x8 d:/st/stm32cubeide_1.4.0/stm32cubeide/plugins/com.st.stm32cube.ide.mcu.externaltools.gnu-tools-for-stm32.7-2018-q2-update.win32_1.5.0.202011040924/tools/bin/../lib/gcc/arm-none-eabi/7.3.1/../../../../arm-none-eabi/lib/thumb/v7-m\libc_nano.a(lib_a-locale.o)
                                          0x9 (size before relaxing)
 .rodata.str1.1
                0x00000000080086cd        0x2 d:/st/stm32cubeide_1.4.0/stm32cubeide/plugins/com.st.stm32cube.ide.mcu.externaltools.gnu-tools-for-stm32.7-2018-q2-update.win32_1.5.0.202011040924/tools/bin/../lib/gcc/arm-none-eabi/7.3.1/../../../../arm-none-eabi/lib/thumb/v7-m\libc_nano.a(lib_a-locale.o)
 .rodata._ctype_
                0x00000000080086cf      0x101 d:/st/stm32cubeide_1.4.0/stm32cubeide/plugins/com.st.stm32cube.ide.mcu.externaltools.gnu-tools-for-stm32.7-2018-q2-update.win32_1.5.0.202011040924/tools/bin/../lib/gcc/arm-none-eabi/7.3.1/../../../../arm-none-eabi/lib/thumb/v7-m\libc_nano.a(lib_a-ctype_.o)
                0x00000000080086cf                _ctype_
                0x00000000080087d0                . = ALIGN (0x4)

.rel.dyn        0x00000000080087d0        0x0
 .rel.iplt      0x00000000080087d0        0x0 d:/st/stm32cubeide_1.4.0/stm32cubeide/plugins/com.st.stm32cube.ide.mcu.externaltools.gnu-tools-for-stm32.7-2018-q2-update.win32_1.5.0.202011040924/tools/bin/../lib/gcc/arm-none-eabi/7.3.1/thumb/v7-m/crtbegin.o

.ARM.extab      0x00000000080087d0        0x0
                0x00000000080087d0                . = ALIGN (0x4)
 *(.ARM.extab* .gnu.linkonce.armextab.*)
                0x00000000080087d0                . = ALIGN (0x4)

.ARM            0x00000000080087d0        0x0
                0x00000000080087d0                . = ALIGN (0x4)
                0x00000000080087d0                __exidx_start = .
 *(.ARM.exidx*)
                0x00000000080087d0                __exidx_end = .
                0x00000000080087d0                . = ALIGN (0x4)

.preinit_array  0x00000000080087d0        0x0
                0x00000000080087d0                . = ALIGN (0x4)
                0x00000000080087d0                PROVIDE (__preinit_array_start = .)
 *(.preinit_array*)
                0x00000000080087d0                PROVIDE (__preinit_array_end = .)
                0x00000000080087d0                . = ALIGN (0x4)

.init_array     0x00000000080087d0        0x4
                0x00000000080087d0                . = ALIGN (0x4)
                0x00000000080087d0                PROVIDE (__init_array_start = .)
 *(SORT_BY_NAME(.init_array.*))
 *(.init_array*)
 .init_array    0x00000000080087d0        0x4 d:/st/stm32cubeide_1.4.0/stm32cubeide/plugins/com.st.stm32cube.ide.mcu.externaltools.gnu-tools-for-stm32.7-2018-q2-update.win32_1.5.0.202011040924/tools/bin/../lib/gcc/arm-none-eabi/7.3.1/thumb/v7-m/crtbegin.o
                0x00000000080087d4                PROVIDE (__init_array_end = .)
                0x00000000080087d4                . = ALIGN (0x4)

.fini_array     0x00000000080087d4        0x4
                0x00000000080087d4                . = ALIGN (0x4)
                [!provide]                        PROVIDE (__fini_array_start = .)
 *(SORT_BY_NAME(.fini_array.*))
 *(.fini_array*)
 .fini_array    0x00000000080087d4        0x4 d:/st/stm32cubeide_1.4.0/stm32cubeide/plugins/com.st.stm32cube.ide.mcu.externaltools.gnu-tools-for-stm32.7-2018-q2-update.win32_1.5.0.202011040924/tools/bin/../lib/gcc/arm-none-eabi/7.3.1/thumb/v7-m/crtbegin.o
                [!provide]                        PROVIDE (__fini_array_end = .)
                0x00000000080087d8                . = ALIGN (0x4)
                0x00000000080087d8                _sidata = LOADADDR (.data)

.data           0x0000000020000000      0x1fc load address 0x00000000080087d8
                0x0000000020000000                . = ALIGN (0x4)
                0x0000000020000000                _sdata = .
 *(.data)
 *(.data*)
 .data.SystemCoreClock
                0x0000000020000000        0x4 Core/Src/system_stm32f1xx.o
                0x0000000020000000                SystemCoreClock
 .data.uwTickFreq
                0x0000000020000004        0x1 Drivers/STM32F1xx_HAL_Driver/Src/stm32f1xx_hal.o
                0x0000000020000004                uwTickFreq
 *fill*         0x0000000020000005        0x3 
 .data.uwTickPrio
                0x0000000020000008        0x4 Drivers/STM32F1xx_HAL_Driver/Src/stm32f1xx_hal.o
                0x0000000020000008                uwTickPrio
 .data.Stat     0x000000002000000c        0x1 FATFS/Target/user_diskio.o
 *fill*         0x000000002000000d        0x3 
 .data.USER_Driver
                0x0000000020000010       0x14 FATFS/Target/user_diskio.o
                0x0000000020000010                USER_Driver
 .data.scan_result_file_path
                0x0000000020000024        0x4 Src/Device/Measure/measure.o
                0x0000000020000024                scan_result_file_path
 .data.__fdlib_version
                0x0000000020000028        0x1 d:/st/stm32cubeide_1.4.0/stm32cubeide/plugins/com.st.stm32cube.ide.mcu.externaltools.gnu-tools-for-stm32.7-2018-q2-update.win32_1.5.0.202011040924/tools/bin/../lib/gcc/arm-none-eabi/7.3.1/../../../../arm-none-eabi/lib/thumb/v7-m\libm.a(lib_a-s_lib_ver.o)
                0x0000000020000028                __fdlib_version
 *fill*         0x0000000020000029        0x3 
 .data._impure_ptr
                0x000000002000002c        0x4 d:/st/stm32cubeide_1.4.0/stm32cubeide/plugins/com.st.stm32cube.ide.mcu.externaltools.gnu-tools-for-stm32.7-2018-q2-update.win32_1.5.0.202011040924/tools/bin/../lib/gcc/arm-none-eabi/7.3.1/../../../../arm-none-eabi/lib/thumb/v7-m\libc_nano.a(lib_a-impure.o)
                0x000000002000002c                _impure_ptr
 .data.impure_data
                0x0000000020000030       0x60 d:/st/stm32cubeide_1.4.0/stm32cubeide/plugins/com.st.stm32cube.ide.mcu.externaltools.gnu-tools-for-stm32.7-2018-q2-update.win32_1.5.0.202011040924/tools/bin/../lib/gcc/arm-none-eabi/7.3.1/../../../../arm-none-eabi/lib/thumb/v7-m\libc_nano.a(lib_a-impure.o)
 .data.__global_locale
                0x0000000020000090      0x16c d:/st/stm32cubeide_1.4.0/stm32cubeide/plugins/com.st.stm32cube.ide.mcu.externaltools.gnu-tools-for-stm32.7-2018-q2-update.win32_1.5.0.202011040924/tools/bin/../lib/gcc/arm-none-eabi/7.3.1/../../../../arm-none-eabi/lib/thumb/v7-m\libc_nano.a(lib_a-locale.o)
                0x0000000020000090                __global_locale
                0x00000000200001fc                . = ALIGN (0x4)
                0x00000000200001fc                _edata = .

.igot.plt       0x00000000200001fc        0x0 load address 0x00000000080089d4
 .igot.plt      0x00000000200001fc        0x0 d:/st/stm32cubeide_1.4.0/stm32cubeide/plugins/com.st.stm32cube.ide.mcu.externaltools.gnu-tools-for-stm32.7-2018-q2-update.win32_1.5.0.202011040924/tools/bin/../lib/gcc/arm-none-eabi/7.3.1/thumb/v7-m/crtbegin.o
                0x00000000200001fc                . = ALIGN (0x4)

.bss            0x0000000020000200     0x3628 load address 0x00000000080089d4
                0x0000000020000200                _sbss = .
                0x0000000020000200                __bss_start__ = _sbss
 *(.bss)
 .bss           0x0000000020000200       0x1c d:/st/stm32cubeide_1.4.0/stm32cubeide/plugins/com.st.stm32cube.ide.mcu.externaltools.gnu-tools-for-stm32.7-2018-q2-update.win32_1.5.0.202011040924/tools/bin/../lib/gcc/arm-none-eabi/7.3.1/thumb/v7-m/crtbegin.o
 *(.bss*)
 .bss.__sbrk_heap_end
                0x000000002000021c        0x4 Core/Src/sysmem.o
 .bss.b.6251    0x0000000020000220        0x3 Core/Src/usart.o
 .bss.count.6250
                0x0000000020000223        0x1 Core/Src/usart.o
 .bss.rxbuff2   0x0000000020000224        0x1 Core/Src/usart.o
                0x0000000020000224                rxbuff2
 .bss.rxbuff3   0x0000000020000225        0x1 Core/Src/usart.o
                0x0000000020000225                rxbuff3
 *fill*         0x0000000020000226        0x2 
 .bss.u2        0x0000000020000228        0x4 Core/Src/usart.o
                0x0000000020000228                u2
 .bss.FatFs     0x000000002000022c        0x4 Middlewares/Third_Party/FatFs/src/ff.o
 .bss.Files     0x0000000020000230       0x18 Middlewares/Third_Party/FatFs/src/ff.o
 .bss.Fsid      0x0000000020000248        0x2 Middlewares/Third_Party/FatFs/src/ff.o
 *fill*         0x000000002000024a        0x2 
 .bss.disk      0x000000002000024c        0xc Middlewares/Third_Party/FatFs/src/ff_gen_drv.o
                0x000000002000024c                disk
 .bss.Measure_Start_flag
                0x0000000020000258        0x1 Src/Device/Measure/measure.o
                0x0000000020000258                Measure_Start_flag
 .bss.azimuth_count
                0x0000000020000259        0x1 Src/Device/Measure/measure.o
                0x0000000020000259                azimuth_count
 .bss.strbuf    0x000000002000025a     0x1000 Src/Device/Measure/measure.o
                0x000000002000025a                strbuf
 .bss.sum.7483  0x000000002000125a        0x1 Src/Device/Measure/measure.o
 .bss.turn_flag
                0x000000002000125b        0x1 Src/Device/Measure/measure.o
                0x000000002000125b                turn_flag
 .bss.SD_Type   0x000000002000125c        0x1 Src/Device/SDCard/sd_card.o
                0x000000002000125c                SD_Type
 *fill*         0x000000002000125d        0x3 
 .bss.__malloc_free_list
                0x0000000020001260        0x4 d:/st/stm32cubeide_1.4.0/stm32cubeide/plugins/com.st.stm32cube.ide.mcu.externaltools.gnu-tools-for-stm32.7-2018-q2-update.win32_1.5.0.202011040924/tools/bin/../lib/gcc/arm-none-eabi/7.3.1/../../../../arm-none-eabi/lib/thumb/v7-m\libc_nano.a(lib_a-nano-mallocr.o)
                0x0000000020001260                __malloc_free_list
 .bss.__malloc_sbrk_start
                0x0000000020001264        0x4 d:/st/stm32cubeide_1.4.0/stm32cubeide/plugins/com.st.stm32cube.ide.mcu.externaltools.gnu-tools-for-stm32.7-2018-q2-update.win32_1.5.0.202011040924/tools/bin/../lib/gcc/arm-none-eabi/7.3.1/../../../../arm-none-eabi/lib/thumb/v7-m\libc_nano.a(lib_a-nano-mallocr.o)
                0x0000000020001264                __malloc_sbrk_start
 *(COMMON)
 COMMON         0x0000000020001268       0x58 Core/Src/spi.o
                0x0000000020001268                hspi1
 COMMON         0x00000000200012c0       0x48 Core/Src/stm32f1xx_hal_timebase_tim.o
                0x00000000200012c0                htim4
 COMMON         0x0000000020001308       0xd8 Core/Src/tim.o
                0x0000000020001308                htim3
                0x0000000020001350                htim1
                0x0000000020001398                htim2
 COMMON         0x00000000200013e0       0xc0 Core/Src/usart.o
                0x00000000200013e0                huart3
                0x0000000020001420                huart1
                0x0000000020001460                huart2
 COMMON         0x00000000200014a0        0x4 Drivers/STM32F1xx_HAL_Driver/Src/stm32f1xx_hal.o
                0x00000000200014a0                uwTick
 COMMON         0x00000000200014a4      0x464 FATFS/App/fatfs.o
                0x00000000200014a4                USERPath
                0x00000000200014a8                retUSER
                0x00000000200014ac                USERFile
                0x00000000200016d8                USERFatFS
 COMMON         0x0000000020001908      0x6e0 Src/Device/AzimuthSensor/azimuth_sensor.o
                0x0000000020001908                azimuth_result_buffer
 COMMON         0x0000000020001fe8      0xfa0 Src/Device/LaserScanning/laser_scanner.o